[2026-02-07T18:37:56.696+0000] {processor.py:161} INFO - Started process (PID=192) to work on /opt/airflow/dags/pipeline_etl_clima.py
[2026-02-07T18:37:56.697+0000] {processor.py:830} INFO - Processing file /opt/airflow/dags/pipeline_etl_clima.py for tasks to queue
[2026-02-07T18:37:56.698+0000] {logging_mixin.py:188} INFO - [2026-02-07T18:37:56.698+0000] {dagbag.py:538} INFO - Filling up the DagBag from /opt/airflow/dags/pipeline_etl_clima.py
[2026-02-07T18:37:56.738+0000] {processor.py:840} INFO - DAG(s) 'pipeline_etl_clima' retrieved from /opt/airflow/dags/pipeline_etl_clima.py
[2026-02-07T18:37:56.933+0000] {logging_mixin.py:188} INFO - [2026-02-07T18:37:56.932+0000] {override.py:1769} INFO - Created Permission View: can edit on DAG:pipeline_etl_clima
[2026-02-07T18:37:56.942+0000] {logging_mixin.py:188} INFO - [2026-02-07T18:37:56.941+0000] {override.py:1769} INFO - Created Permission View: can delete on DAG:pipeline_etl_clima
[2026-02-07T18:37:56.947+0000] {logging_mixin.py:188} INFO - [2026-02-07T18:37:56.947+0000] {override.py:1769} INFO - Created Permission View: can read on DAG:pipeline_etl_clima
[2026-02-07T18:37:56.948+0000] {logging_mixin.py:188} INFO - [2026-02-07T18:37:56.947+0000] {dag.py:3036} INFO - Sync 1 DAGs
[2026-02-07T18:37:56.958+0000] {logging_mixin.py:188} INFO - [2026-02-07T18:37:56.958+0000] {dag.py:3058} INFO - Creating ORM DAG for pipeline_etl_clima
[2026-02-07T18:37:56.969+0000] {logging_mixin.py:188} INFO - [2026-02-07T18:37:56.969+0000] {dag.py:3823} INFO - Setting next_dagrun for pipeline_etl_clima to 2026-02-07 18:20:00+00:00, run_after=2026-02-07 18:30:00+00:00
[2026-02-07T18:37:56.984+0000] {processor.py:183} INFO - Processing /opt/airflow/dags/pipeline_etl_clima.py took 0.292 seconds
[2026-02-07T18:38:27.199+0000] {processor.py:161} INFO - Started process (PID=205) to work on /opt/airflow/dags/pipeline_etl_clima.py
[2026-02-07T18:38:27.200+0000] {processor.py:830} INFO - Processing file /opt/airflow/dags/pipeline_etl_clima.py for tasks to queue
[2026-02-07T18:38:27.202+0000] {logging_mixin.py:188} INFO - [2026-02-07T18:38:27.202+0000] {dagbag.py:538} INFO - Filling up the DagBag from /opt/airflow/dags/pipeline_etl_clima.py
[2026-02-07T18:38:27.228+0000] {processor.py:840} INFO - DAG(s) 'pipeline_etl_clima' retrieved from /opt/airflow/dags/pipeline_etl_clima.py
[2026-02-07T18:38:27.249+0000] {logging_mixin.py:188} INFO - [2026-02-07T18:38:27.249+0000] {dag.py:3036} INFO - Sync 1 DAGs
[2026-02-07T18:38:27.263+0000] {logging_mixin.py:188} INFO - [2026-02-07T18:38:27.263+0000] {dag.py:3823} INFO - Setting next_dagrun for pipeline_etl_clima to 2026-02-07 18:20:00+00:00, run_after=2026-02-07 18:30:00+00:00
[2026-02-07T18:38:27.277+0000] {processor.py:183} INFO - Processing /opt/airflow/dags/pipeline_etl_clima.py took 0.081 seconds
[2026-02-07T18:38:57.432+0000] {processor.py:161} INFO - Started process (PID=218) to work on /opt/airflow/dags/pipeline_etl_clima.py
[2026-02-07T18:38:57.433+0000] {processor.py:830} INFO - Processing file /opt/airflow/dags/pipeline_etl_clima.py for tasks to queue
[2026-02-07T18:38:57.435+0000] {logging_mixin.py:188} INFO - [2026-02-07T18:38:57.434+0000] {dagbag.py:538} INFO - Filling up the DagBag from /opt/airflow/dags/pipeline_etl_clima.py
[2026-02-07T18:38:57.453+0000] {processor.py:840} INFO - DAG(s) 'pipeline_etl_clima' retrieved from /opt/airflow/dags/pipeline_etl_clima.py
[2026-02-07T18:38:57.471+0000] {logging_mixin.py:188} INFO - [2026-02-07T18:38:57.471+0000] {dag.py:3036} INFO - Sync 1 DAGs
[2026-02-07T18:38:57.485+0000] {logging_mixin.py:188} INFO - [2026-02-07T18:38:57.484+0000] {dag.py:3823} INFO - Setting next_dagrun for pipeline_etl_clima to 2026-02-07 18:20:00+00:00, run_after=2026-02-07 18:30:00+00:00
[2026-02-07T18:38:57.498+0000] {processor.py:183} INFO - Processing /opt/airflow/dags/pipeline_etl_clima.py took 0.070 seconds
[2026-02-07T18:39:27.696+0000] {processor.py:161} INFO - Started process (PID=230) to work on /opt/airflow/dags/pipeline_etl_clima.py
[2026-02-07T18:39:27.697+0000] {processor.py:830} INFO - Processing file /opt/airflow/dags/pipeline_etl_clima.py for tasks to queue
[2026-02-07T18:39:27.698+0000] {logging_mixin.py:188} INFO - [2026-02-07T18:39:27.697+0000] {dagbag.py:538} INFO - Filling up the DagBag from /opt/airflow/dags/pipeline_etl_clima.py
[2026-02-07T18:39:27.716+0000] {processor.py:840} INFO - DAG(s) 'pipeline_etl_clima' retrieved from /opt/airflow/dags/pipeline_etl_clima.py
[2026-02-07T18:39:27.734+0000] {logging_mixin.py:188} INFO - [2026-02-07T18:39:27.734+0000] {dag.py:3036} INFO - Sync 1 DAGs
[2026-02-07T18:39:27.748+0000] {logging_mixin.py:188} INFO - [2026-02-07T18:39:27.748+0000] {dag.py:3823} INFO - Setting next_dagrun for pipeline_etl_clima to 2026-02-07 18:20:00+00:00, run_after=2026-02-07 18:30:00+00:00
[2026-02-07T18:39:27.761+0000] {processor.py:183} INFO - Processing /opt/airflow/dags/pipeline_etl_clima.py took 0.069 seconds
[2026-02-07T18:39:57.921+0000] {processor.py:161} INFO - Started process (PID=242) to work on /opt/airflow/dags/pipeline_etl_clima.py
[2026-02-07T18:39:57.922+0000] {processor.py:830} INFO - Processing file /opt/airflow/dags/pipeline_etl_clima.py for tasks to queue
[2026-02-07T18:39:57.925+0000] {logging_mixin.py:188} INFO - [2026-02-07T18:39:57.924+0000] {dagbag.py:538} INFO - Filling up the DagBag from /opt/airflow/dags/pipeline_etl_clima.py
[2026-02-07T18:39:57.944+0000] {processor.py:840} INFO - DAG(s) 'pipeline_etl_clima' retrieved from /opt/airflow/dags/pipeline_etl_clima.py
[2026-02-07T18:39:57.958+0000] {logging_mixin.py:188} INFO - [2026-02-07T18:39:57.958+0000] {dag.py:3036} INFO - Sync 1 DAGs
[2026-02-07T18:39:57.971+0000] {logging_mixin.py:188} INFO - [2026-02-07T18:39:57.971+0000] {dag.py:3823} INFO - Setting next_dagrun for pipeline_etl_clima to 2026-02-07 18:20:00+00:00, run_after=2026-02-07 18:30:00+00:00
[2026-02-07T18:39:57.984+0000] {processor.py:183} INFO - Processing /opt/airflow/dags/pipeline_etl_clima.py took 0.067 seconds
[2026-02-07T18:40:28.182+0000] {processor.py:161} INFO - Started process (PID=254) to work on /opt/airflow/dags/pipeline_etl_clima.py
[2026-02-07T18:40:28.183+0000] {processor.py:830} INFO - Processing file /opt/airflow/dags/pipeline_etl_clima.py for tasks to queue
[2026-02-07T18:40:28.184+0000] {logging_mixin.py:188} INFO - [2026-02-07T18:40:28.184+0000] {dagbag.py:538} INFO - Filling up the DagBag from /opt/airflow/dags/pipeline_etl_clima.py
[2026-02-07T18:40:28.197+0000] {processor.py:840} INFO - DAG(s) 'pipeline_etl_clima' retrieved from /opt/airflow/dags/pipeline_etl_clima.py
[2026-02-07T18:40:28.213+0000] {logging_mixin.py:188} INFO - [2026-02-07T18:40:28.213+0000] {dag.py:3036} INFO - Sync 1 DAGs
[2026-02-07T18:40:28.227+0000] {logging_mixin.py:188} INFO - [2026-02-07T18:40:28.227+0000] {dag.py:3823} INFO - Setting next_dagrun for pipeline_etl_clima to 2026-02-07 18:30:00+00:00, run_after=2026-02-07 18:40:00+00:00
[2026-02-07T18:40:28.239+0000] {processor.py:183} INFO - Processing /opt/airflow/dags/pipeline_etl_clima.py took 0.060 seconds
[2026-02-07T18:40:58.426+0000] {processor.py:161} INFO - Started process (PID=266) to work on /opt/airflow/dags/pipeline_etl_clima.py
[2026-02-07T18:40:58.427+0000] {processor.py:830} INFO - Processing file /opt/airflow/dags/pipeline_etl_clima.py for tasks to queue
[2026-02-07T18:40:58.428+0000] {logging_mixin.py:188} INFO - [2026-02-07T18:40:58.428+0000] {dagbag.py:538} INFO - Filling up the DagBag from /opt/airflow/dags/pipeline_etl_clima.py
[2026-02-07T18:40:58.447+0000] {processor.py:840} INFO - DAG(s) 'pipeline_etl_clima' retrieved from /opt/airflow/dags/pipeline_etl_clima.py
[2026-02-07T18:40:58.511+0000] {logging_mixin.py:188} INFO - [2026-02-07T18:40:58.511+0000] {dag.py:3036} INFO - Sync 1 DAGs
[2026-02-07T18:40:58.539+0000] {logging_mixin.py:188} INFO - [2026-02-07T18:40:58.539+0000] {dag.py:3823} INFO - Setting next_dagrun for pipeline_etl_clima to 2026-02-07 18:30:00+00:00, run_after=2026-02-07 18:40:00+00:00
[2026-02-07T18:40:58.609+0000] {processor.py:183} INFO - Processing /opt/airflow/dags/pipeline_etl_clima.py took 0.190 seconds
[2026-02-07T18:41:28.734+0000] {processor.py:161} INFO - Started process (PID=278) to work on /opt/airflow/dags/pipeline_etl_clima.py
[2026-02-07T18:41:28.735+0000] {processor.py:830} INFO - Processing file /opt/airflow/dags/pipeline_etl_clima.py for tasks to queue
[2026-02-07T18:41:28.737+0000] {logging_mixin.py:188} INFO - [2026-02-07T18:41:28.736+0000] {dagbag.py:538} INFO - Filling up the DagBag from /opt/airflow/dags/pipeline_etl_clima.py
[2026-02-07T18:41:28.751+0000] {processor.py:840} INFO - DAG(s) 'pipeline_etl_clima' retrieved from /opt/airflow/dags/pipeline_etl_clima.py
[2026-02-07T18:41:28.767+0000] {logging_mixin.py:188} INFO - [2026-02-07T18:41:28.767+0000] {dag.py:3036} INFO - Sync 1 DAGs
[2026-02-07T18:41:28.787+0000] {logging_mixin.py:188} INFO - [2026-02-07T18:41:28.787+0000] {dag.py:3823} INFO - Setting next_dagrun for pipeline_etl_clima to 2026-02-07 18:30:00+00:00, run_after=2026-02-07 18:40:00+00:00
[2026-02-07T18:41:28.803+0000] {processor.py:183} INFO - Processing /opt/airflow/dags/pipeline_etl_clima.py took 0.074 seconds
[2026-02-07T18:41:59.051+0000] {processor.py:161} INFO - Started process (PID=290) to work on /opt/airflow/dags/pipeline_etl_clima.py
[2026-02-07T18:41:59.051+0000] {processor.py:830} INFO - Processing file /opt/airflow/dags/pipeline_etl_clima.py for tasks to queue
[2026-02-07T18:41:59.053+0000] {logging_mixin.py:188} INFO - [2026-02-07T18:41:59.053+0000] {dagbag.py:538} INFO - Filling up the DagBag from /opt/airflow/dags/pipeline_etl_clima.py
[2026-02-07T18:41:59.068+0000] {processor.py:840} INFO - DAG(s) 'pipeline_etl_clima' retrieved from /opt/airflow/dags/pipeline_etl_clima.py
[2026-02-07T18:41:59.083+0000] {logging_mixin.py:188} INFO - [2026-02-07T18:41:59.082+0000] {dag.py:3036} INFO - Sync 1 DAGs
[2026-02-07T18:41:59.096+0000] {logging_mixin.py:188} INFO - [2026-02-07T18:41:59.095+0000] {dag.py:3823} INFO - Setting next_dagrun for pipeline_etl_clima to 2026-02-07 18:30:00+00:00, run_after=2026-02-07 18:40:00+00:00
[2026-02-07T18:41:59.108+0000] {processor.py:183} INFO - Processing /opt/airflow/dags/pipeline_etl_clima.py took 0.061 seconds
[2026-02-07T18:42:29.291+0000] {processor.py:161} INFO - Started process (PID=302) to work on /opt/airflow/dags/pipeline_etl_clima.py
[2026-02-07T18:42:29.293+0000] {processor.py:830} INFO - Processing file /opt/airflow/dags/pipeline_etl_clima.py for tasks to queue
[2026-02-07T18:42:29.295+0000] {logging_mixin.py:188} INFO - [2026-02-07T18:42:29.294+0000] {dagbag.py:538} INFO - Filling up the DagBag from /opt/airflow/dags/pipeline_etl_clima.py
[2026-02-07T18:42:29.313+0000] {processor.py:840} INFO - DAG(s) 'pipeline_etl_clima' retrieved from /opt/airflow/dags/pipeline_etl_clima.py
[2026-02-07T18:42:29.330+0000] {logging_mixin.py:188} INFO - [2026-02-07T18:42:29.330+0000] {dag.py:3036} INFO - Sync 1 DAGs
[2026-02-07T18:42:29.345+0000] {logging_mixin.py:188} INFO - [2026-02-07T18:42:29.344+0000] {dag.py:3823} INFO - Setting next_dagrun for pipeline_etl_clima to 2026-02-07 18:30:00+00:00, run_after=2026-02-07 18:40:00+00:00
[2026-02-07T18:42:29.359+0000] {processor.py:183} INFO - Processing /opt/airflow/dags/pipeline_etl_clima.py took 0.075 seconds
[2026-02-07T18:42:59.564+0000] {processor.py:161} INFO - Started process (PID=314) to work on /opt/airflow/dags/pipeline_etl_clima.py
[2026-02-07T18:42:59.565+0000] {processor.py:830} INFO - Processing file /opt/airflow/dags/pipeline_etl_clima.py for tasks to queue
[2026-02-07T18:42:59.567+0000] {logging_mixin.py:188} INFO - [2026-02-07T18:42:59.566+0000] {dagbag.py:538} INFO - Filling up the DagBag from /opt/airflow/dags/pipeline_etl_clima.py
[2026-02-07T18:42:59.581+0000] {processor.py:840} INFO - DAG(s) 'pipeline_etl_clima' retrieved from /opt/airflow/dags/pipeline_etl_clima.py
[2026-02-07T18:42:59.601+0000] {logging_mixin.py:188} INFO - [2026-02-07T18:42:59.601+0000] {dag.py:3036} INFO - Sync 1 DAGs
[2026-02-07T18:42:59.634+0000] {logging_mixin.py:188} INFO - [2026-02-07T18:42:59.633+0000] {dag.py:3823} INFO - Setting next_dagrun for pipeline_etl_clima to 2026-02-07 18:30:00+00:00, run_after=2026-02-07 18:40:00+00:00
[2026-02-07T18:42:59.665+0000] {processor.py:183} INFO - Processing /opt/airflow/dags/pipeline_etl_clima.py took 0.105 seconds
[2026-02-07T18:43:29.809+0000] {processor.py:161} INFO - Started process (PID=326) to work on /opt/airflow/dags/pipeline_etl_clima.py
[2026-02-07T18:43:29.810+0000] {processor.py:830} INFO - Processing file /opt/airflow/dags/pipeline_etl_clima.py for tasks to queue
[2026-02-07T18:43:29.812+0000] {logging_mixin.py:188} INFO - [2026-02-07T18:43:29.812+0000] {dagbag.py:538} INFO - Filling up the DagBag from /opt/airflow/dags/pipeline_etl_clima.py
[2026-02-07T18:43:29.833+0000] {processor.py:840} INFO - DAG(s) 'pipeline_etl_clima' retrieved from /opt/airflow/dags/pipeline_etl_clima.py
[2026-02-07T18:43:29.862+0000] {logging_mixin.py:188} INFO - [2026-02-07T18:43:29.861+0000] {dag.py:3036} INFO - Sync 1 DAGs
[2026-02-07T18:43:29.882+0000] {logging_mixin.py:188} INFO - [2026-02-07T18:43:29.881+0000] {dag.py:3823} INFO - Setting next_dagrun for pipeline_etl_clima to 2026-02-07 18:30:00+00:00, run_after=2026-02-07 18:40:00+00:00
[2026-02-07T18:43:29.907+0000] {processor.py:183} INFO - Processing /opt/airflow/dags/pipeline_etl_clima.py took 0.104 seconds
[2026-02-07T18:44:00.118+0000] {processor.py:161} INFO - Started process (PID=338) to work on /opt/airflow/dags/pipeline_etl_clima.py
[2026-02-07T18:44:00.119+0000] {processor.py:830} INFO - Processing file /opt/airflow/dags/pipeline_etl_clima.py for tasks to queue
[2026-02-07T18:44:00.121+0000] {logging_mixin.py:188} INFO - [2026-02-07T18:44:00.120+0000] {dagbag.py:538} INFO - Filling up the DagBag from /opt/airflow/dags/pipeline_etl_clima.py
[2026-02-07T18:44:00.143+0000] {processor.py:840} INFO - DAG(s) 'pipeline_etl_clima' retrieved from /opt/airflow/dags/pipeline_etl_clima.py
[2026-02-07T18:44:00.170+0000] {logging_mixin.py:188} INFO - [2026-02-07T18:44:00.170+0000] {dag.py:3036} INFO - Sync 1 DAGs
[2026-02-07T18:44:00.196+0000] {logging_mixin.py:188} INFO - [2026-02-07T18:44:00.195+0000] {dag.py:3823} INFO - Setting next_dagrun for pipeline_etl_clima to 2026-02-07 18:30:00+00:00, run_after=2026-02-07 18:40:00+00:00
[2026-02-07T18:44:00.220+0000] {processor.py:183} INFO - Processing /opt/airflow/dags/pipeline_etl_clima.py took 0.105 seconds
[2026-02-07T18:44:30.355+0000] {processor.py:161} INFO - Started process (PID=350) to work on /opt/airflow/dags/pipeline_etl_clima.py
[2026-02-07T18:44:30.357+0000] {processor.py:830} INFO - Processing file /opt/airflow/dags/pipeline_etl_clima.py for tasks to queue
[2026-02-07T18:44:30.359+0000] {logging_mixin.py:188} INFO - [2026-02-07T18:44:30.358+0000] {dagbag.py:538} INFO - Filling up the DagBag from /opt/airflow/dags/pipeline_etl_clima.py
[2026-02-07T18:44:30.374+0000] {processor.py:840} INFO - DAG(s) 'pipeline_etl_clima' retrieved from /opt/airflow/dags/pipeline_etl_clima.py
[2026-02-07T18:44:30.390+0000] {logging_mixin.py:188} INFO - [2026-02-07T18:44:30.390+0000] {dag.py:3036} INFO - Sync 1 DAGs
[2026-02-07T18:44:30.404+0000] {logging_mixin.py:188} INFO - [2026-02-07T18:44:30.404+0000] {dag.py:3823} INFO - Setting next_dagrun for pipeline_etl_clima to 2026-02-07 18:30:00+00:00, run_after=2026-02-07 18:40:00+00:00
[2026-02-07T18:44:30.418+0000] {processor.py:183} INFO - Processing /opt/airflow/dags/pipeline_etl_clima.py took 0.067 seconds
[2026-02-07T18:45:00.673+0000] {processor.py:161} INFO - Started process (PID=362) to work on /opt/airflow/dags/pipeline_etl_clima.py
[2026-02-07T18:45:00.674+0000] {processor.py:830} INFO - Processing file /opt/airflow/dags/pipeline_etl_clima.py for tasks to queue
[2026-02-07T18:45:00.675+0000] {logging_mixin.py:188} INFO - [2026-02-07T18:45:00.675+0000] {dagbag.py:538} INFO - Filling up the DagBag from /opt/airflow/dags/pipeline_etl_clima.py
[2026-02-07T18:45:00.765+0000] {processor.py:840} INFO - DAG(s) 'pipeline_etl_clima' retrieved from /opt/airflow/dags/pipeline_etl_clima.py
[2026-02-07T18:45:00.784+0000] {logging_mixin.py:188} INFO - [2026-02-07T18:45:00.784+0000] {dag.py:3036} INFO - Sync 1 DAGs
[2026-02-07T18:45:00.798+0000] {logging_mixin.py:188} INFO - [2026-02-07T18:45:00.798+0000] {dag.py:3823} INFO - Setting next_dagrun for pipeline_etl_clima to 2026-02-07 18:30:00+00:00, run_after=2026-02-07 18:40:00+00:00
[2026-02-07T18:45:00.810+0000] {processor.py:183} INFO - Processing /opt/airflow/dags/pipeline_etl_clima.py took 0.144 seconds
[2026-02-07T18:45:30.915+0000] {processor.py:161} INFO - Started process (PID=374) to work on /opt/airflow/dags/pipeline_etl_clima.py
[2026-02-07T18:45:30.916+0000] {processor.py:830} INFO - Processing file /opt/airflow/dags/pipeline_etl_clima.py for tasks to queue
[2026-02-07T18:45:30.917+0000] {logging_mixin.py:188} INFO - [2026-02-07T18:45:30.917+0000] {dagbag.py:538} INFO - Filling up the DagBag from /opt/airflow/dags/pipeline_etl_clima.py
[2026-02-07T18:45:30.928+0000] {processor.py:840} INFO - DAG(s) 'pipeline_etl_clima' retrieved from /opt/airflow/dags/pipeline_etl_clima.py
[2026-02-07T18:45:30.944+0000] {logging_mixin.py:188} INFO - [2026-02-07T18:45:30.944+0000] {dag.py:3036} INFO - Sync 1 DAGs
[2026-02-07T18:45:30.959+0000] {logging_mixin.py:188} INFO - [2026-02-07T18:45:30.959+0000] {dag.py:3823} INFO - Setting next_dagrun for pipeline_etl_clima to 2026-02-07 18:30:00+00:00, run_after=2026-02-07 18:40:00+00:00
[2026-02-07T18:45:30.973+0000] {processor.py:183} INFO - Processing /opt/airflow/dags/pipeline_etl_clima.py took 0.062 seconds
[2026-02-07T18:46:01.148+0000] {processor.py:161} INFO - Started process (PID=385) to work on /opt/airflow/dags/pipeline_etl_clima.py
[2026-02-07T18:46:01.149+0000] {processor.py:830} INFO - Processing file /opt/airflow/dags/pipeline_etl_clima.py for tasks to queue
[2026-02-07T18:46:01.151+0000] {logging_mixin.py:188} INFO - [2026-02-07T18:46:01.151+0000] {dagbag.py:538} INFO - Filling up the DagBag from /opt/airflow/dags/pipeline_etl_clima.py
[2026-02-07T18:46:01.171+0000] {processor.py:840} INFO - DAG(s) 'pipeline_etl_clima' retrieved from /opt/airflow/dags/pipeline_etl_clima.py
[2026-02-07T18:46:01.187+0000] {logging_mixin.py:188} INFO - [2026-02-07T18:46:01.186+0000] {dag.py:3036} INFO - Sync 1 DAGs
[2026-02-07T18:46:01.218+0000] {logging_mixin.py:188} INFO - [2026-02-07T18:46:01.217+0000] {dag.py:3823} INFO - Setting next_dagrun for pipeline_etl_clima to 2026-02-07 18:30:00+00:00, run_after=2026-02-07 18:40:00+00:00
[2026-02-07T18:46:01.233+0000] {processor.py:183} INFO - Processing /opt/airflow/dags/pipeline_etl_clima.py took 0.090 seconds
[2026-02-07T18:46:31.426+0000] {processor.py:161} INFO - Started process (PID=397) to work on /opt/airflow/dags/pipeline_etl_clima.py
[2026-02-07T18:46:31.427+0000] {processor.py:830} INFO - Processing file /opt/airflow/dags/pipeline_etl_clima.py for tasks to queue
[2026-02-07T18:46:31.428+0000] {logging_mixin.py:188} INFO - [2026-02-07T18:46:31.428+0000] {dagbag.py:538} INFO - Filling up the DagBag from /opt/airflow/dags/pipeline_etl_clima.py
[2026-02-07T18:46:31.440+0000] {processor.py:840} INFO - DAG(s) 'pipeline_etl_clima' retrieved from /opt/airflow/dags/pipeline_etl_clima.py
[2026-02-07T18:46:31.455+0000] {logging_mixin.py:188} INFO - [2026-02-07T18:46:31.455+0000] {dag.py:3036} INFO - Sync 1 DAGs
[2026-02-07T18:46:31.469+0000] {logging_mixin.py:188} INFO - [2026-02-07T18:46:31.469+0000] {dag.py:3823} INFO - Setting next_dagrun for pipeline_etl_clima to 2026-02-07 18:30:00+00:00, run_after=2026-02-07 18:40:00+00:00
[2026-02-07T18:46:31.482+0000] {processor.py:183} INFO - Processing /opt/airflow/dags/pipeline_etl_clima.py took 0.062 seconds
[2026-02-07T18:47:01.672+0000] {processor.py:161} INFO - Started process (PID=408) to work on /opt/airflow/dags/pipeline_etl_clima.py
[2026-02-07T18:47:01.675+0000] {processor.py:830} INFO - Processing file /opt/airflow/dags/pipeline_etl_clima.py for tasks to queue
[2026-02-07T18:47:01.677+0000] {logging_mixin.py:188} INFO - [2026-02-07T18:47:01.676+0000] {dagbag.py:538} INFO - Filling up the DagBag from /opt/airflow/dags/pipeline_etl_clima.py
[2026-02-07T18:47:01.699+0000] {processor.py:840} INFO - DAG(s) 'pipeline_etl_clima' retrieved from /opt/airflow/dags/pipeline_etl_clima.py
[2026-02-07T18:47:01.724+0000] {logging_mixin.py:188} INFO - [2026-02-07T18:47:01.724+0000] {dag.py:3036} INFO - Sync 1 DAGs
[2026-02-07T18:47:01.744+0000] {logging_mixin.py:188} INFO - [2026-02-07T18:47:01.744+0000] {dag.py:3823} INFO - Setting next_dagrun for pipeline_etl_clima to 2026-02-07 18:30:00+00:00, run_after=2026-02-07 18:40:00+00:00
[2026-02-07T18:47:01.757+0000] {processor.py:183} INFO - Processing /opt/airflow/dags/pipeline_etl_clima.py took 0.090 seconds
[2026-02-07T18:47:31.978+0000] {processor.py:161} INFO - Started process (PID=420) to work on /opt/airflow/dags/pipeline_etl_clima.py
[2026-02-07T18:47:31.979+0000] {processor.py:830} INFO - Processing file /opt/airflow/dags/pipeline_etl_clima.py for tasks to queue
[2026-02-07T18:47:31.980+0000] {logging_mixin.py:188} INFO - [2026-02-07T18:47:31.980+0000] {dagbag.py:538} INFO - Filling up the DagBag from /opt/airflow/dags/pipeline_etl_clima.py
[2026-02-07T18:47:32.000+0000] {processor.py:840} INFO - DAG(s) 'pipeline_etl_clima' retrieved from /opt/airflow/dags/pipeline_etl_clima.py
[2026-02-07T18:47:32.032+0000] {logging_mixin.py:188} INFO - [2026-02-07T18:47:32.032+0000] {dag.py:3036} INFO - Sync 1 DAGs
[2026-02-07T18:47:32.062+0000] {logging_mixin.py:188} INFO - [2026-02-07T18:47:32.062+0000] {dag.py:3823} INFO - Setting next_dagrun for pipeline_etl_clima to 2026-02-07 18:30:00+00:00, run_after=2026-02-07 18:40:00+00:00
[2026-02-07T18:47:32.089+0000] {processor.py:183} INFO - Processing /opt/airflow/dags/pipeline_etl_clima.py took 0.113 seconds
[2026-02-07T18:48:02.272+0000] {processor.py:161} INFO - Started process (PID=432) to work on /opt/airflow/dags/pipeline_etl_clima.py
[2026-02-07T18:48:02.274+0000] {processor.py:830} INFO - Processing file /opt/airflow/dags/pipeline_etl_clima.py for tasks to queue
[2026-02-07T18:48:02.275+0000] {logging_mixin.py:188} INFO - [2026-02-07T18:48:02.275+0000] {dagbag.py:538} INFO - Filling up the DagBag from /opt/airflow/dags/pipeline_etl_clima.py
[2026-02-07T18:48:02.295+0000] {processor.py:840} INFO - DAG(s) 'pipeline_etl_clima' retrieved from /opt/airflow/dags/pipeline_etl_clima.py
[2026-02-07T18:48:02.323+0000] {logging_mixin.py:188} INFO - [2026-02-07T18:48:02.323+0000] {dag.py:3036} INFO - Sync 1 DAGs
[2026-02-07T18:48:02.342+0000] {logging_mixin.py:188} INFO - [2026-02-07T18:48:02.342+0000] {dag.py:3823} INFO - Setting next_dagrun for pipeline_etl_clima to 2026-02-07 18:30:00+00:00, run_after=2026-02-07 18:40:00+00:00
[2026-02-07T18:48:02.361+0000] {processor.py:183} INFO - Processing /opt/airflow/dags/pipeline_etl_clima.py took 0.097 seconds
[2026-02-07T18:48:32.581+0000] {processor.py:161} INFO - Started process (PID=444) to work on /opt/airflow/dags/pipeline_etl_clima.py
[2026-02-07T18:48:32.582+0000] {processor.py:830} INFO - Processing file /opt/airflow/dags/pipeline_etl_clima.py for tasks to queue
[2026-02-07T18:48:32.583+0000] {logging_mixin.py:188} INFO - [2026-02-07T18:48:32.583+0000] {dagbag.py:538} INFO - Filling up the DagBag from /opt/airflow/dags/pipeline_etl_clima.py
[2026-02-07T18:48:32.614+0000] {processor.py:840} INFO - DAG(s) 'pipeline_etl_clima' retrieved from /opt/airflow/dags/pipeline_etl_clima.py
[2026-02-07T18:48:32.666+0000] {logging_mixin.py:188} INFO - [2026-02-07T18:48:32.666+0000] {dag.py:3036} INFO - Sync 1 DAGs
[2026-02-07T18:48:32.689+0000] {logging_mixin.py:188} INFO - [2026-02-07T18:48:32.689+0000] {dag.py:3823} INFO - Setting next_dagrun for pipeline_etl_clima to 2026-02-07 18:30:00+00:00, run_after=2026-02-07 18:40:00+00:00
[2026-02-07T18:48:32.705+0000] {processor.py:183} INFO - Processing /opt/airflow/dags/pipeline_etl_clima.py took 0.132 seconds
[2026-02-07T18:49:02.821+0000] {processor.py:161} INFO - Started process (PID=456) to work on /opt/airflow/dags/pipeline_etl_clima.py
[2026-02-07T18:49:02.822+0000] {processor.py:830} INFO - Processing file /opt/airflow/dags/pipeline_etl_clima.py for tasks to queue
[2026-02-07T18:49:02.825+0000] {logging_mixin.py:188} INFO - [2026-02-07T18:49:02.824+0000] {dagbag.py:538} INFO - Filling up the DagBag from /opt/airflow/dags/pipeline_etl_clima.py
[2026-02-07T18:49:02.858+0000] {processor.py:840} INFO - DAG(s) 'pipeline_etl_clima' retrieved from /opt/airflow/dags/pipeline_etl_clima.py
[2026-02-07T18:49:02.917+0000] {logging_mixin.py:188} INFO - [2026-02-07T18:49:02.916+0000] {dag.py:3036} INFO - Sync 1 DAGs
[2026-02-07T18:49:02.937+0000] {logging_mixin.py:188} INFO - [2026-02-07T18:49:02.937+0000] {dag.py:3823} INFO - Setting next_dagrun for pipeline_etl_clima to 2026-02-07 18:30:00+00:00, run_after=2026-02-07 18:40:00+00:00
[2026-02-07T18:49:02.952+0000] {processor.py:183} INFO - Processing /opt/airflow/dags/pipeline_etl_clima.py took 0.136 seconds
[2026-02-07T18:49:33.066+0000] {processor.py:161} INFO - Started process (PID=468) to work on /opt/airflow/dags/pipeline_etl_clima.py
[2026-02-07T18:49:33.067+0000] {processor.py:830} INFO - Processing file /opt/airflow/dags/pipeline_etl_clima.py for tasks to queue
[2026-02-07T18:49:33.069+0000] {logging_mixin.py:188} INFO - [2026-02-07T18:49:33.068+0000] {dagbag.py:538} INFO - Filling up the DagBag from /opt/airflow/dags/pipeline_etl_clima.py
[2026-02-07T18:49:33.092+0000] {processor.py:840} INFO - DAG(s) 'pipeline_etl_clima' retrieved from /opt/airflow/dags/pipeline_etl_clima.py
[2026-02-07T18:49:33.111+0000] {logging_mixin.py:188} INFO - [2026-02-07T18:49:33.111+0000] {dag.py:3036} INFO - Sync 1 DAGs
[2026-02-07T18:49:33.128+0000] {logging_mixin.py:188} INFO - [2026-02-07T18:49:33.128+0000] {dag.py:3823} INFO - Setting next_dagrun for pipeline_etl_clima to 2026-02-07 18:30:00+00:00, run_after=2026-02-07 18:40:00+00:00
[2026-02-07T18:49:33.144+0000] {processor.py:183} INFO - Processing /opt/airflow/dags/pipeline_etl_clima.py took 0.084 seconds
[2026-02-07T18:50:03.337+0000] {processor.py:161} INFO - Started process (PID=480) to work on /opt/airflow/dags/pipeline_etl_clima.py
[2026-02-07T18:50:03.338+0000] {processor.py:830} INFO - Processing file /opt/airflow/dags/pipeline_etl_clima.py for tasks to queue
[2026-02-07T18:50:03.342+0000] {logging_mixin.py:188} INFO - [2026-02-07T18:50:03.340+0000] {dagbag.py:538} INFO - Filling up the DagBag from /opt/airflow/dags/pipeline_etl_clima.py
[2026-02-07T18:50:03.375+0000] {processor.py:840} INFO - DAG(s) 'pipeline_etl_clima' retrieved from /opt/airflow/dags/pipeline_etl_clima.py
[2026-02-07T18:50:03.393+0000] {logging_mixin.py:188} INFO - [2026-02-07T18:50:03.393+0000] {dag.py:3036} INFO - Sync 1 DAGs
[2026-02-07T18:50:03.410+0000] {logging_mixin.py:188} INFO - [2026-02-07T18:50:03.410+0000] {dag.py:3823} INFO - Setting next_dagrun for pipeline_etl_clima to 2026-02-07 18:40:00+00:00, run_after=2026-02-07 18:50:00+00:00
[2026-02-07T18:50:03.430+0000] {processor.py:183} INFO - Processing /opt/airflow/dags/pipeline_etl_clima.py took 0.101 seconds
[2026-02-07T18:50:33.661+0000] {processor.py:161} INFO - Started process (PID=491) to work on /opt/airflow/dags/pipeline_etl_clima.py
[2026-02-07T18:50:33.662+0000] {processor.py:830} INFO - Processing file /opt/airflow/dags/pipeline_etl_clima.py for tasks to queue
[2026-02-07T18:50:33.664+0000] {logging_mixin.py:188} INFO - [2026-02-07T18:50:33.663+0000] {dagbag.py:538} INFO - Filling up the DagBag from /opt/airflow/dags/pipeline_etl_clima.py
[2026-02-07T18:50:33.691+0000] {processor.py:840} INFO - DAG(s) 'pipeline_etl_clima' retrieved from /opt/airflow/dags/pipeline_etl_clima.py
[2026-02-07T18:50:33.723+0000] {logging_mixin.py:188} INFO - [2026-02-07T18:50:33.722+0000] {dag.py:3036} INFO - Sync 1 DAGs
[2026-02-07T18:50:33.741+0000] {logging_mixin.py:188} INFO - [2026-02-07T18:50:33.740+0000] {dag.py:3823} INFO - Setting next_dagrun for pipeline_etl_clima to 2026-02-07 18:40:00+00:00, run_after=2026-02-07 18:50:00+00:00
[2026-02-07T18:50:33.763+0000] {processor.py:183} INFO - Processing /opt/airflow/dags/pipeline_etl_clima.py took 0.107 seconds
[2026-02-07T18:51:03.913+0000] {processor.py:161} INFO - Started process (PID=503) to work on /opt/airflow/dags/pipeline_etl_clima.py
[2026-02-07T18:51:03.914+0000] {processor.py:830} INFO - Processing file /opt/airflow/dags/pipeline_etl_clima.py for tasks to queue
[2026-02-07T18:51:03.915+0000] {logging_mixin.py:188} INFO - [2026-02-07T18:51:03.915+0000] {dagbag.py:538} INFO - Filling up the DagBag from /opt/airflow/dags/pipeline_etl_clima.py
[2026-02-07T18:51:03.937+0000] {processor.py:840} INFO - DAG(s) 'pipeline_etl_clima' retrieved from /opt/airflow/dags/pipeline_etl_clima.py
[2026-02-07T18:51:03.966+0000] {logging_mixin.py:188} INFO - [2026-02-07T18:51:03.966+0000] {dag.py:3036} INFO - Sync 1 DAGs
[2026-02-07T18:51:03.994+0000] {logging_mixin.py:188} INFO - [2026-02-07T18:51:03.994+0000] {dag.py:3823} INFO - Setting next_dagrun for pipeline_etl_clima to 2026-02-07 18:40:00+00:00, run_after=2026-02-07 18:50:00+00:00
[2026-02-07T18:51:04.021+0000] {processor.py:183} INFO - Processing /opt/airflow/dags/pipeline_etl_clima.py took 0.111 seconds
[2026-02-07T18:51:34.295+0000] {processor.py:161} INFO - Started process (PID=508) to work on /opt/airflow/dags/pipeline_etl_clima.py
[2026-02-07T18:51:34.296+0000] {processor.py:830} INFO - Processing file /opt/airflow/dags/pipeline_etl_clima.py for tasks to queue
[2026-02-07T18:51:34.296+0000] {logging_mixin.py:188} INFO - [2026-02-07T18:51:34.296+0000] {dagbag.py:538} INFO - Filling up the DagBag from /opt/airflow/dags/pipeline_etl_clima.py
[2026-02-07T18:51:34.307+0000] {processor.py:840} INFO - DAG(s) 'pipeline_etl_clima' retrieved from /opt/airflow/dags/pipeline_etl_clima.py
[2026-02-07T18:51:34.325+0000] {logging_mixin.py:188} INFO - [2026-02-07T18:51:34.325+0000] {dag.py:3036} INFO - Sync 1 DAGs
[2026-02-07T18:51:34.342+0000] {logging_mixin.py:188} INFO - [2026-02-07T18:51:34.341+0000] {dag.py:3823} INFO - Setting next_dagrun for pipeline_etl_clima to 2026-02-07 18:40:00+00:00, run_after=2026-02-07 18:50:00+00:00
[2026-02-07T18:51:34.356+0000] {processor.py:183} INFO - Processing /opt/airflow/dags/pipeline_etl_clima.py took 0.064 seconds
[2026-02-07T18:52:04.560+0000] {processor.py:161} INFO - Started process (PID=520) to work on /opt/airflow/dags/pipeline_etl_clima.py
[2026-02-07T18:52:04.561+0000] {processor.py:830} INFO - Processing file /opt/airflow/dags/pipeline_etl_clima.py for tasks to queue
[2026-02-07T18:52:04.561+0000] {logging_mixin.py:188} INFO - [2026-02-07T18:52:04.561+0000] {dagbag.py:538} INFO - Filling up the DagBag from /opt/airflow/dags/pipeline_etl_clima.py
[2026-02-07T18:52:04.573+0000] {processor.py:840} INFO - DAG(s) 'pipeline_etl_clima' retrieved from /opt/airflow/dags/pipeline_etl_clima.py
[2026-02-07T18:52:04.597+0000] {logging_mixin.py:188} INFO - [2026-02-07T18:52:04.596+0000] {dag.py:3036} INFO - Sync 1 DAGs
[2026-02-07T18:52:04.628+0000] {logging_mixin.py:188} INFO - [2026-02-07T18:52:04.628+0000] {dag.py:3823} INFO - Setting next_dagrun for pipeline_etl_clima to 2026-02-07 18:40:00+00:00, run_after=2026-02-07 18:50:00+00:00
[2026-02-07T18:52:04.672+0000] {processor.py:183} INFO - Processing /opt/airflow/dags/pipeline_etl_clima.py took 0.116 seconds
[2026-02-07T18:52:34.884+0000] {processor.py:161} INFO - Started process (PID=538) to work on /opt/airflow/dags/pipeline_etl_clima.py
[2026-02-07T18:52:34.886+0000] {processor.py:830} INFO - Processing file /opt/airflow/dags/pipeline_etl_clima.py for tasks to queue
[2026-02-07T18:52:34.889+0000] {logging_mixin.py:188} INFO - [2026-02-07T18:52:34.888+0000] {dagbag.py:538} INFO - Filling up the DagBag from /opt/airflow/dags/pipeline_etl_clima.py
[2026-02-07T18:52:34.911+0000] {processor.py:840} INFO - DAG(s) 'pipeline_etl_clima' retrieved from /opt/airflow/dags/pipeline_etl_clima.py
[2026-02-07T18:52:34.928+0000] {logging_mixin.py:188} INFO - [2026-02-07T18:52:34.927+0000] {dag.py:3036} INFO - Sync 1 DAGs
[2026-02-07T18:52:34.941+0000] {logging_mixin.py:188} INFO - [2026-02-07T18:52:34.941+0000] {dag.py:3823} INFO - Setting next_dagrun for pipeline_etl_clima to 2026-02-07 18:50:00+00:00, run_after=2026-02-07 19:00:00+00:00
[2026-02-07T18:52:34.953+0000] {processor.py:183} INFO - Processing /opt/airflow/dags/pipeline_etl_clima.py took 0.076 seconds
[2026-02-07T18:53:05.206+0000] {processor.py:161} INFO - Started process (PID=550) to work on /opt/airflow/dags/pipeline_etl_clima.py
[2026-02-07T18:53:05.206+0000] {processor.py:830} INFO - Processing file /opt/airflow/dags/pipeline_etl_clima.py for tasks to queue
[2026-02-07T18:53:05.208+0000] {logging_mixin.py:188} INFO - [2026-02-07T18:53:05.207+0000] {dagbag.py:538} INFO - Filling up the DagBag from /opt/airflow/dags/pipeline_etl_clima.py
[2026-02-07T18:53:05.220+0000] {processor.py:840} INFO - DAG(s) 'pipeline_etl_clima' retrieved from /opt/airflow/dags/pipeline_etl_clima.py
[2026-02-07T18:53:05.241+0000] {logging_mixin.py:188} INFO - [2026-02-07T18:53:05.241+0000] {dag.py:3036} INFO - Sync 1 DAGs
[2026-02-07T18:53:05.255+0000] {logging_mixin.py:188} INFO - [2026-02-07T18:53:05.254+0000] {dag.py:3823} INFO - Setting next_dagrun for pipeline_etl_clima to 2026-02-07 18:50:00+00:00, run_after=2026-02-07 19:00:00+00:00
[2026-02-07T18:53:05.275+0000] {processor.py:183} INFO - Processing /opt/airflow/dags/pipeline_etl_clima.py took 0.071 seconds
[2026-02-07T18:53:35.466+0000] {processor.py:161} INFO - Started process (PID=562) to work on /opt/airflow/dags/pipeline_etl_clima.py
[2026-02-07T18:53:35.467+0000] {processor.py:830} INFO - Processing file /opt/airflow/dags/pipeline_etl_clima.py for tasks to queue
[2026-02-07T18:53:35.469+0000] {logging_mixin.py:188} INFO - [2026-02-07T18:53:35.468+0000] {dagbag.py:538} INFO - Filling up the DagBag from /opt/airflow/dags/pipeline_etl_clima.py
[2026-02-07T18:53:35.498+0000] {processor.py:840} INFO - DAG(s) 'pipeline_etl_clima' retrieved from /opt/airflow/dags/pipeline_etl_clima.py
[2026-02-07T18:53:35.529+0000] {logging_mixin.py:188} INFO - [2026-02-07T18:53:35.529+0000] {dag.py:3036} INFO - Sync 1 DAGs
[2026-02-07T18:53:35.547+0000] {logging_mixin.py:188} INFO - [2026-02-07T18:53:35.546+0000] {dag.py:3823} INFO - Setting next_dagrun for pipeline_etl_clima to 2026-02-07 18:50:00+00:00, run_after=2026-02-07 19:00:00+00:00
[2026-02-07T18:53:35.569+0000] {processor.py:183} INFO - Processing /opt/airflow/dags/pipeline_etl_clima.py took 0.112 seconds
[2026-02-07T18:54:05.718+0000] {processor.py:161} INFO - Started process (PID=574) to work on /opt/airflow/dags/pipeline_etl_clima.py
[2026-02-07T18:54:05.720+0000] {processor.py:830} INFO - Processing file /opt/airflow/dags/pipeline_etl_clima.py for tasks to queue
[2026-02-07T18:54:05.722+0000] {logging_mixin.py:188} INFO - [2026-02-07T18:54:05.721+0000] {dagbag.py:538} INFO - Filling up the DagBag from /opt/airflow/dags/pipeline_etl_clima.py
[2026-02-07T18:54:05.745+0000] {processor.py:840} INFO - DAG(s) 'pipeline_etl_clima' retrieved from /opt/airflow/dags/pipeline_etl_clima.py
[2026-02-07T18:54:05.774+0000] {logging_mixin.py:188} INFO - [2026-02-07T18:54:05.773+0000] {dag.py:3036} INFO - Sync 1 DAGs
[2026-02-07T18:54:05.793+0000] {logging_mixin.py:188} INFO - [2026-02-07T18:54:05.793+0000] {dag.py:3823} INFO - Setting next_dagrun for pipeline_etl_clima to 2026-02-07 18:50:00+00:00, run_after=2026-02-07 19:00:00+00:00
[2026-02-07T18:54:05.833+0000] {processor.py:183} INFO - Processing /opt/airflow/dags/pipeline_etl_clima.py took 0.120 seconds
[2026-02-07T18:54:36.040+0000] {processor.py:161} INFO - Started process (PID=586) to work on /opt/airflow/dags/pipeline_etl_clima.py
[2026-02-07T18:54:36.041+0000] {processor.py:830} INFO - Processing file /opt/airflow/dags/pipeline_etl_clima.py for tasks to queue
[2026-02-07T18:54:36.043+0000] {logging_mixin.py:188} INFO - [2026-02-07T18:54:36.042+0000] {dagbag.py:538} INFO - Filling up the DagBag from /opt/airflow/dags/pipeline_etl_clima.py
[2026-02-07T18:54:36.068+0000] {processor.py:840} INFO - DAG(s) 'pipeline_etl_clima' retrieved from /opt/airflow/dags/pipeline_etl_clima.py
[2026-02-07T18:54:36.100+0000] {logging_mixin.py:188} INFO - [2026-02-07T18:54:36.100+0000] {dag.py:3036} INFO - Sync 1 DAGs
[2026-02-07T18:54:36.122+0000] {logging_mixin.py:188} INFO - [2026-02-07T18:54:36.122+0000] {dag.py:3823} INFO - Setting next_dagrun for pipeline_etl_clima to 2026-02-07 18:50:00+00:00, run_after=2026-02-07 19:00:00+00:00
[2026-02-07T18:54:36.137+0000] {processor.py:183} INFO - Processing /opt/airflow/dags/pipeline_etl_clima.py took 0.101 seconds
[2026-02-07T18:55:06.329+0000] {processor.py:161} INFO - Started process (PID=597) to work on /opt/airflow/dags/pipeline_etl_clima.py
[2026-02-07T18:55:06.330+0000] {processor.py:830} INFO - Processing file /opt/airflow/dags/pipeline_etl_clima.py for tasks to queue
[2026-02-07T18:55:06.330+0000] {logging_mixin.py:188} INFO - [2026-02-07T18:55:06.330+0000] {dagbag.py:538} INFO - Filling up the DagBag from /opt/airflow/dags/pipeline_etl_clima.py
[2026-02-07T18:55:06.344+0000] {processor.py:840} INFO - DAG(s) 'pipeline_etl_clima' retrieved from /opt/airflow/dags/pipeline_etl_clima.py
[2026-02-07T18:55:06.365+0000] {logging_mixin.py:188} INFO - [2026-02-07T18:55:06.365+0000] {dag.py:3036} INFO - Sync 1 DAGs
[2026-02-07T18:55:06.381+0000] {logging_mixin.py:188} INFO - [2026-02-07T18:55:06.380+0000] {dag.py:3823} INFO - Setting next_dagrun for pipeline_etl_clima to 2026-02-07 18:50:00+00:00, run_after=2026-02-07 19:00:00+00:00
[2026-02-07T18:55:06.397+0000] {processor.py:183} INFO - Processing /opt/airflow/dags/pipeline_etl_clima.py took 0.073 seconds
[2026-02-07T18:55:36.564+0000] {processor.py:161} INFO - Started process (PID=609) to work on /opt/airflow/dags/pipeline_etl_clima.py
[2026-02-07T18:55:36.565+0000] {processor.py:830} INFO - Processing file /opt/airflow/dags/pipeline_etl_clima.py for tasks to queue
[2026-02-07T18:55:36.566+0000] {logging_mixin.py:188} INFO - [2026-02-07T18:55:36.566+0000] {dagbag.py:538} INFO - Filling up the DagBag from /opt/airflow/dags/pipeline_etl_clima.py
[2026-02-07T18:55:36.576+0000] {processor.py:840} INFO - DAG(s) 'pipeline_etl_clima' retrieved from /opt/airflow/dags/pipeline_etl_clima.py
[2026-02-07T18:55:36.597+0000] {logging_mixin.py:188} INFO - [2026-02-07T18:55:36.597+0000] {dag.py:3036} INFO - Sync 1 DAGs
[2026-02-07T18:55:36.618+0000] {logging_mixin.py:188} INFO - [2026-02-07T18:55:36.618+0000] {dag.py:3823} INFO - Setting next_dagrun for pipeline_etl_clima to 2026-02-07 18:50:00+00:00, run_after=2026-02-07 19:00:00+00:00
[2026-02-07T18:55:36.631+0000] {processor.py:183} INFO - Processing /opt/airflow/dags/pipeline_etl_clima.py took 0.070 seconds
[2026-02-07T18:56:06.847+0000] {processor.py:161} INFO - Started process (PID=621) to work on /opt/airflow/dags/pipeline_etl_clima.py
[2026-02-07T18:56:06.848+0000] {processor.py:830} INFO - Processing file /opt/airflow/dags/pipeline_etl_clima.py for tasks to queue
[2026-02-07T18:56:06.849+0000] {logging_mixin.py:188} INFO - [2026-02-07T18:56:06.849+0000] {dagbag.py:538} INFO - Filling up the DagBag from /opt/airflow/dags/pipeline_etl_clima.py
[2026-02-07T18:56:06.879+0000] {processor.py:840} INFO - DAG(s) 'pipeline_etl_clima' retrieved from /opt/airflow/dags/pipeline_etl_clima.py
[2026-02-07T18:56:06.930+0000] {logging_mixin.py:188} INFO - [2026-02-07T18:56:06.929+0000] {dag.py:3036} INFO - Sync 1 DAGs
[2026-02-07T18:56:06.981+0000] {logging_mixin.py:188} INFO - [2026-02-07T18:56:06.981+0000] {dag.py:3823} INFO - Setting next_dagrun for pipeline_etl_clima to 2026-02-07 18:50:00+00:00, run_after=2026-02-07 19:00:00+00:00
[2026-02-07T18:56:06.999+0000] {processor.py:183} INFO - Processing /opt/airflow/dags/pipeline_etl_clima.py took 0.158 seconds
[2026-02-07T18:56:37.148+0000] {processor.py:161} INFO - Started process (PID=633) to work on /opt/airflow/dags/pipeline_etl_clima.py
[2026-02-07T18:56:37.151+0000] {processor.py:830} INFO - Processing file /opt/airflow/dags/pipeline_etl_clima.py for tasks to queue
[2026-02-07T18:56:37.155+0000] {logging_mixin.py:188} INFO - [2026-02-07T18:56:37.154+0000] {dagbag.py:538} INFO - Filling up the DagBag from /opt/airflow/dags/pipeline_etl_clima.py
[2026-02-07T18:56:37.183+0000] {processor.py:840} INFO - DAG(s) 'pipeline_etl_clima' retrieved from /opt/airflow/dags/pipeline_etl_clima.py
[2026-02-07T18:56:37.224+0000] {logging_mixin.py:188} INFO - [2026-02-07T18:56:37.224+0000] {dag.py:3036} INFO - Sync 1 DAGs
[2026-02-07T18:56:37.254+0000] {logging_mixin.py:188} INFO - [2026-02-07T18:56:37.253+0000] {dag.py:3823} INFO - Setting next_dagrun for pipeline_etl_clima to 2026-02-07 18:50:00+00:00, run_after=2026-02-07 19:00:00+00:00
[2026-02-07T18:56:37.289+0000] {processor.py:183} INFO - Processing /opt/airflow/dags/pipeline_etl_clima.py took 0.150 seconds
[2026-02-07T18:57:07.474+0000] {processor.py:161} INFO - Started process (PID=645) to work on /opt/airflow/dags/pipeline_etl_clima.py
[2026-02-07T18:57:07.475+0000] {processor.py:830} INFO - Processing file /opt/airflow/dags/pipeline_etl_clima.py for tasks to queue
[2026-02-07T18:57:07.476+0000] {logging_mixin.py:188} INFO - [2026-02-07T18:57:07.476+0000] {dagbag.py:538} INFO - Filling up the DagBag from /opt/airflow/dags/pipeline_etl_clima.py
[2026-02-07T18:57:07.487+0000] {processor.py:840} INFO - DAG(s) 'pipeline_etl_clima' retrieved from /opt/airflow/dags/pipeline_etl_clima.py
[2026-02-07T18:57:07.501+0000] {logging_mixin.py:188} INFO - [2026-02-07T18:57:07.501+0000] {dag.py:3036} INFO - Sync 1 DAGs
[2026-02-07T18:57:07.514+0000] {logging_mixin.py:188} INFO - [2026-02-07T18:57:07.514+0000] {dag.py:3823} INFO - Setting next_dagrun for pipeline_etl_clima to 2026-02-07 18:50:00+00:00, run_after=2026-02-07 19:00:00+00:00
[2026-02-07T18:57:07.526+0000] {processor.py:183} INFO - Processing /opt/airflow/dags/pipeline_etl_clima.py took 0.056 seconds
[2026-02-07T18:57:37.742+0000] {processor.py:161} INFO - Started process (PID=657) to work on /opt/airflow/dags/pipeline_etl_clima.py
[2026-02-07T18:57:37.744+0000] {processor.py:830} INFO - Processing file /opt/airflow/dags/pipeline_etl_clima.py for tasks to queue
[2026-02-07T18:57:37.747+0000] {logging_mixin.py:188} INFO - [2026-02-07T18:57:37.746+0000] {dagbag.py:538} INFO - Filling up the DagBag from /opt/airflow/dags/pipeline_etl_clima.py
[2026-02-07T18:57:37.775+0000] {processor.py:840} INFO - DAG(s) 'pipeline_etl_clima' retrieved from /opt/airflow/dags/pipeline_etl_clima.py
[2026-02-07T18:57:37.794+0000] {logging_mixin.py:188} INFO - [2026-02-07T18:57:37.793+0000] {dag.py:3036} INFO - Sync 1 DAGs
[2026-02-07T18:57:37.810+0000] {logging_mixin.py:188} INFO - [2026-02-07T18:57:37.810+0000] {dag.py:3823} INFO - Setting next_dagrun for pipeline_etl_clima to 2026-02-07 18:50:00+00:00, run_after=2026-02-07 19:00:00+00:00
[2026-02-07T18:57:37.824+0000] {processor.py:183} INFO - Processing /opt/airflow/dags/pipeline_etl_clima.py took 0.090 seconds
[2026-02-07T18:58:08.028+0000] {processor.py:161} INFO - Started process (PID=669) to work on /opt/airflow/dags/pipeline_etl_clima.py
[2026-02-07T18:58:08.029+0000] {processor.py:830} INFO - Processing file /opt/airflow/dags/pipeline_etl_clima.py for tasks to queue
[2026-02-07T18:58:08.030+0000] {logging_mixin.py:188} INFO - [2026-02-07T18:58:08.030+0000] {dagbag.py:538} INFO - Filling up the DagBag from /opt/airflow/dags/pipeline_etl_clima.py
[2026-02-07T18:58:08.045+0000] {processor.py:840} INFO - DAG(s) 'pipeline_etl_clima' retrieved from /opt/airflow/dags/pipeline_etl_clima.py
[2026-02-07T18:58:08.062+0000] {logging_mixin.py:188} INFO - [2026-02-07T18:58:08.061+0000] {dag.py:3036} INFO - Sync 1 DAGs
[2026-02-07T18:58:08.077+0000] {logging_mixin.py:188} INFO - [2026-02-07T18:58:08.077+0000] {dag.py:3823} INFO - Setting next_dagrun for pipeline_etl_clima to 2026-02-07 18:50:00+00:00, run_after=2026-02-07 19:00:00+00:00
[2026-02-07T18:58:08.092+0000] {processor.py:183} INFO - Processing /opt/airflow/dags/pipeline_etl_clima.py took 0.067 seconds
[2026-02-07T18:58:38.254+0000] {processor.py:161} INFO - Started process (PID=681) to work on /opt/airflow/dags/pipeline_etl_clima.py
[2026-02-07T18:58:38.255+0000] {processor.py:830} INFO - Processing file /opt/airflow/dags/pipeline_etl_clima.py for tasks to queue
[2026-02-07T18:58:38.258+0000] {logging_mixin.py:188} INFO - [2026-02-07T18:58:38.257+0000] {dagbag.py:538} INFO - Filling up the DagBag from /opt/airflow/dags/pipeline_etl_clima.py
[2026-02-07T18:58:38.276+0000] {processor.py:840} INFO - DAG(s) 'pipeline_etl_clima' retrieved from /opt/airflow/dags/pipeline_etl_clima.py
[2026-02-07T18:58:38.291+0000] {logging_mixin.py:188} INFO - [2026-02-07T18:58:38.291+0000] {dag.py:3036} INFO - Sync 1 DAGs
[2026-02-07T18:58:38.307+0000] {logging_mixin.py:188} INFO - [2026-02-07T18:58:38.307+0000] {dag.py:3823} INFO - Setting next_dagrun for pipeline_etl_clima to 2026-02-07 18:50:00+00:00, run_after=2026-02-07 19:00:00+00:00
[2026-02-07T18:58:38.325+0000] {processor.py:183} INFO - Processing /opt/airflow/dags/pipeline_etl_clima.py took 0.076 seconds
[2026-02-07T18:59:08.583+0000] {processor.py:161} INFO - Started process (PID=693) to work on /opt/airflow/dags/pipeline_etl_clima.py
[2026-02-07T18:59:08.587+0000] {processor.py:830} INFO - Processing file /opt/airflow/dags/pipeline_etl_clima.py for tasks to queue
[2026-02-07T18:59:08.593+0000] {logging_mixin.py:188} INFO - [2026-02-07T18:59:08.590+0000] {dagbag.py:538} INFO - Filling up the DagBag from /opt/airflow/dags/pipeline_etl_clima.py
[2026-02-07T18:59:08.633+0000] {processor.py:840} INFO - DAG(s) 'pipeline_etl_clima' retrieved from /opt/airflow/dags/pipeline_etl_clima.py
[2026-02-07T18:59:08.666+0000] {logging_mixin.py:188} INFO - [2026-02-07T18:59:08.665+0000] {dag.py:3036} INFO - Sync 1 DAGs
[2026-02-07T18:59:08.681+0000] {logging_mixin.py:188} INFO - [2026-02-07T18:59:08.681+0000] {dag.py:3823} INFO - Setting next_dagrun for pipeline_etl_clima to 2026-02-07 18:50:00+00:00, run_after=2026-02-07 19:00:00+00:00
[2026-02-07T18:59:08.697+0000] {processor.py:183} INFO - Processing /opt/airflow/dags/pipeline_etl_clima.py took 0.125 seconds
[2026-02-07T18:59:38.827+0000] {processor.py:161} INFO - Started process (PID=705) to work on /opt/airflow/dags/pipeline_etl_clima.py
[2026-02-07T18:59:38.828+0000] {processor.py:830} INFO - Processing file /opt/airflow/dags/pipeline_etl_clima.py for tasks to queue
[2026-02-07T18:59:38.829+0000] {logging_mixin.py:188} INFO - [2026-02-07T18:59:38.828+0000] {dagbag.py:538} INFO - Filling up the DagBag from /opt/airflow/dags/pipeline_etl_clima.py
[2026-02-07T18:59:38.839+0000] {processor.py:840} INFO - DAG(s) 'pipeline_etl_clima' retrieved from /opt/airflow/dags/pipeline_etl_clima.py
[2026-02-07T18:59:38.857+0000] {logging_mixin.py:188} INFO - [2026-02-07T18:59:38.857+0000] {dag.py:3036} INFO - Sync 1 DAGs
[2026-02-07T18:59:38.872+0000] {logging_mixin.py:188} INFO - [2026-02-07T18:59:38.872+0000] {dag.py:3823} INFO - Setting next_dagrun for pipeline_etl_clima to 2026-02-07 18:50:00+00:00, run_after=2026-02-07 19:00:00+00:00
[2026-02-07T18:59:38.884+0000] {processor.py:183} INFO - Processing /opt/airflow/dags/pipeline_etl_clima.py took 0.060 seconds
[2026-02-07T19:00:09.130+0000] {processor.py:161} INFO - Started process (PID=721) to work on /opt/airflow/dags/pipeline_etl_clima.py
[2026-02-07T19:00:09.131+0000] {processor.py:830} INFO - Processing file /opt/airflow/dags/pipeline_etl_clima.py for tasks to queue
[2026-02-07T19:00:09.132+0000] {logging_mixin.py:188} INFO - [2026-02-07T19:00:09.132+0000] {dagbag.py:538} INFO - Filling up the DagBag from /opt/airflow/dags/pipeline_etl_clima.py
[2026-02-07T19:00:09.146+0000] {processor.py:840} INFO - DAG(s) 'pipeline_etl_clima' retrieved from /opt/airflow/dags/pipeline_etl_clima.py
[2026-02-07T19:00:09.164+0000] {logging_mixin.py:188} INFO - [2026-02-07T19:00:09.164+0000] {dag.py:3036} INFO - Sync 1 DAGs
[2026-02-07T19:00:09.181+0000] {logging_mixin.py:188} INFO - [2026-02-07T19:00:09.181+0000] {dag.py:3823} INFO - Setting next_dagrun for pipeline_etl_clima to 2026-02-07 19:00:00+00:00, run_after=2026-02-07 19:10:00+00:00
[2026-02-07T19:00:09.204+0000] {processor.py:183} INFO - Processing /opt/airflow/dags/pipeline_etl_clima.py took 0.081 seconds
[2026-02-07T19:00:39.355+0000] {processor.py:161} INFO - Started process (PID=735) to work on /opt/airflow/dags/pipeline_etl_clima.py
[2026-02-07T19:00:39.356+0000] {processor.py:830} INFO - Processing file /opt/airflow/dags/pipeline_etl_clima.py for tasks to queue
[2026-02-07T19:00:39.357+0000] {logging_mixin.py:188} INFO - [2026-02-07T19:00:39.356+0000] {dagbag.py:538} INFO - Filling up the DagBag from /opt/airflow/dags/pipeline_etl_clima.py
[2026-02-07T19:00:39.370+0000] {processor.py:840} INFO - DAG(s) 'pipeline_etl_clima' retrieved from /opt/airflow/dags/pipeline_etl_clima.py
[2026-02-07T19:00:39.390+0000] {logging_mixin.py:188} INFO - [2026-02-07T19:00:39.390+0000] {dag.py:3036} INFO - Sync 1 DAGs
[2026-02-07T19:00:39.406+0000] {logging_mixin.py:188} INFO - [2026-02-07T19:00:39.406+0000] {dag.py:3823} INFO - Setting next_dagrun for pipeline_etl_clima to 2026-02-07 19:00:00+00:00, run_after=2026-02-07 19:10:00+00:00
[2026-02-07T19:00:39.423+0000] {processor.py:183} INFO - Processing /opt/airflow/dags/pipeline_etl_clima.py took 0.071 seconds
[2026-02-07T19:01:09.668+0000] {processor.py:161} INFO - Started process (PID=747) to work on /opt/airflow/dags/pipeline_etl_clima.py
[2026-02-07T19:01:09.669+0000] {processor.py:830} INFO - Processing file /opt/airflow/dags/pipeline_etl_clima.py for tasks to queue
[2026-02-07T19:01:09.670+0000] {logging_mixin.py:188} INFO - [2026-02-07T19:01:09.669+0000] {dagbag.py:538} INFO - Filling up the DagBag from /opt/airflow/dags/pipeline_etl_clima.py
[2026-02-07T19:01:09.689+0000] {processor.py:840} INFO - DAG(s) 'pipeline_etl_clima' retrieved from /opt/airflow/dags/pipeline_etl_clima.py
[2026-02-07T19:01:09.707+0000] {logging_mixin.py:188} INFO - [2026-02-07T19:01:09.707+0000] {dag.py:3036} INFO - Sync 1 DAGs
[2026-02-07T19:01:09.720+0000] {logging_mixin.py:188} INFO - [2026-02-07T19:01:09.720+0000] {dag.py:3823} INFO - Setting next_dagrun for pipeline_etl_clima to 2026-02-07 19:00:00+00:00, run_after=2026-02-07 19:10:00+00:00
[2026-02-07T19:01:09.736+0000] {processor.py:183} INFO - Processing /opt/airflow/dags/pipeline_etl_clima.py took 0.073 seconds
[2026-02-07T19:01:39.921+0000] {processor.py:161} INFO - Started process (PID=759) to work on /opt/airflow/dags/pipeline_etl_clima.py
[2026-02-07T19:01:39.922+0000] {processor.py:830} INFO - Processing file /opt/airflow/dags/pipeline_etl_clima.py for tasks to queue
[2026-02-07T19:01:39.924+0000] {logging_mixin.py:188} INFO - [2026-02-07T19:01:39.924+0000] {dagbag.py:538} INFO - Filling up the DagBag from /opt/airflow/dags/pipeline_etl_clima.py
[2026-02-07T19:01:39.950+0000] {processor.py:840} INFO - DAG(s) 'pipeline_etl_clima' retrieved from /opt/airflow/dags/pipeline_etl_clima.py
[2026-02-07T19:01:40.006+0000] {logging_mixin.py:188} INFO - [2026-02-07T19:01:40.006+0000] {dag.py:3036} INFO - Sync 1 DAGs
[2026-02-07T19:01:40.024+0000] {logging_mixin.py:188} INFO - [2026-02-07T19:01:40.024+0000] {dag.py:3823} INFO - Setting next_dagrun for pipeline_etl_clima to 2026-02-07 19:00:00+00:00, run_after=2026-02-07 19:10:00+00:00
[2026-02-07T19:01:40.044+0000] {processor.py:183} INFO - Processing /opt/airflow/dags/pipeline_etl_clima.py took 0.126 seconds
[2026-02-07T19:02:10.157+0000] {processor.py:161} INFO - Started process (PID=771) to work on /opt/airflow/dags/pipeline_etl_clima.py
[2026-02-07T19:02:10.159+0000] {processor.py:830} INFO - Processing file /opt/airflow/dags/pipeline_etl_clima.py for tasks to queue
[2026-02-07T19:02:10.162+0000] {logging_mixin.py:188} INFO - [2026-02-07T19:02:10.161+0000] {dagbag.py:538} INFO - Filling up the DagBag from /opt/airflow/dags/pipeline_etl_clima.py
[2026-02-07T19:02:10.198+0000] {processor.py:840} INFO - DAG(s) 'pipeline_etl_clima' retrieved from /opt/airflow/dags/pipeline_etl_clima.py
[2026-02-07T19:02:10.268+0000] {logging_mixin.py:188} INFO - [2026-02-07T19:02:10.267+0000] {dag.py:3036} INFO - Sync 1 DAGs
[2026-02-07T19:02:10.293+0000] {logging_mixin.py:188} INFO - [2026-02-07T19:02:10.293+0000] {dag.py:3823} INFO - Setting next_dagrun for pipeline_etl_clima to 2026-02-07 19:00:00+00:00, run_after=2026-02-07 19:10:00+00:00
[2026-02-07T19:02:10.311+0000] {processor.py:183} INFO - Processing /opt/airflow/dags/pipeline_etl_clima.py took 0.159 seconds
[2026-02-07T19:02:40.482+0000] {processor.py:161} INFO - Started process (PID=783) to work on /opt/airflow/dags/pipeline_etl_clima.py
[2026-02-07T19:02:40.483+0000] {processor.py:830} INFO - Processing file /opt/airflow/dags/pipeline_etl_clima.py for tasks to queue
[2026-02-07T19:02:40.485+0000] {logging_mixin.py:188} INFO - [2026-02-07T19:02:40.484+0000] {dagbag.py:538} INFO - Filling up the DagBag from /opt/airflow/dags/pipeline_etl_clima.py
[2026-02-07T19:02:40.512+0000] {processor.py:840} INFO - DAG(s) 'pipeline_etl_clima' retrieved from /opt/airflow/dags/pipeline_etl_clima.py
[2026-02-07T19:02:40.546+0000] {logging_mixin.py:188} INFO - [2026-02-07T19:02:40.545+0000] {dag.py:3036} INFO - Sync 1 DAGs
[2026-02-07T19:02:40.577+0000] {logging_mixin.py:188} INFO - [2026-02-07T19:02:40.577+0000] {dag.py:3823} INFO - Setting next_dagrun for pipeline_etl_clima to 2026-02-07 19:00:00+00:00, run_after=2026-02-07 19:10:00+00:00
[2026-02-07T19:02:40.591+0000] {processor.py:183} INFO - Processing /opt/airflow/dags/pipeline_etl_clima.py took 0.115 seconds
[2026-02-07T19:03:10.771+0000] {processor.py:161} INFO - Started process (PID=795) to work on /opt/airflow/dags/pipeline_etl_clima.py
[2026-02-07T19:03:10.772+0000] {processor.py:830} INFO - Processing file /opt/airflow/dags/pipeline_etl_clima.py for tasks to queue
[2026-02-07T19:03:10.774+0000] {logging_mixin.py:188} INFO - [2026-02-07T19:03:10.773+0000] {dagbag.py:538} INFO - Filling up the DagBag from /opt/airflow/dags/pipeline_etl_clima.py
[2026-02-07T19:03:10.787+0000] {processor.py:840} INFO - DAG(s) 'pipeline_etl_clima' retrieved from /opt/airflow/dags/pipeline_etl_clima.py
[2026-02-07T19:03:10.809+0000] {logging_mixin.py:188} INFO - [2026-02-07T19:03:10.808+0000] {dag.py:3036} INFO - Sync 1 DAGs
[2026-02-07T19:03:10.830+0000] {logging_mixin.py:188} INFO - [2026-02-07T19:03:10.829+0000] {dag.py:3823} INFO - Setting next_dagrun for pipeline_etl_clima to 2026-02-07 19:00:00+00:00, run_after=2026-02-07 19:10:00+00:00
[2026-02-07T19:03:10.849+0000] {processor.py:183} INFO - Processing /opt/airflow/dags/pipeline_etl_clima.py took 0.083 seconds
[2026-02-07T19:03:41.136+0000] {processor.py:161} INFO - Started process (PID=800) to work on /opt/airflow/dags/pipeline_etl_clima.py
[2026-02-07T19:03:41.138+0000] {processor.py:830} INFO - Processing file /opt/airflow/dags/pipeline_etl_clima.py for tasks to queue
[2026-02-07T19:03:41.142+0000] {logging_mixin.py:188} INFO - [2026-02-07T19:03:41.140+0000] {dagbag.py:538} INFO - Filling up the DagBag from /opt/airflow/dags/pipeline_etl_clima.py
[2026-02-07T19:03:41.179+0000] {processor.py:840} INFO - DAG(s) 'pipeline_etl_clima' retrieved from /opt/airflow/dags/pipeline_etl_clima.py
[2026-02-07T19:03:41.207+0000] {logging_mixin.py:188} INFO - [2026-02-07T19:03:41.207+0000] {dag.py:3036} INFO - Sync 1 DAGs
[2026-02-07T19:03:41.233+0000] {logging_mixin.py:188} INFO - [2026-02-07T19:03:41.233+0000] {dag.py:3823} INFO - Setting next_dagrun for pipeline_etl_clima to 2026-02-07 19:00:00+00:00, run_after=2026-02-07 19:10:00+00:00
[2026-02-07T19:03:41.261+0000] {processor.py:183} INFO - Processing /opt/airflow/dags/pipeline_etl_clima.py took 0.133 seconds
[2026-02-07T19:04:11.389+0000] {processor.py:161} INFO - Started process (PID=812) to work on /opt/airflow/dags/pipeline_etl_clima.py
[2026-02-07T19:04:11.390+0000] {processor.py:830} INFO - Processing file /opt/airflow/dags/pipeline_etl_clima.py for tasks to queue
[2026-02-07T19:04:11.392+0000] {logging_mixin.py:188} INFO - [2026-02-07T19:04:11.391+0000] {dagbag.py:538} INFO - Filling up the DagBag from /opt/airflow/dags/pipeline_etl_clima.py
[2026-02-07T19:04:11.412+0000] {processor.py:840} INFO - DAG(s) 'pipeline_etl_clima' retrieved from /opt/airflow/dags/pipeline_etl_clima.py
[2026-02-07T19:04:11.434+0000] {logging_mixin.py:188} INFO - [2026-02-07T19:04:11.434+0000] {dag.py:3036} INFO - Sync 1 DAGs
[2026-02-07T19:04:11.450+0000] {logging_mixin.py:188} INFO - [2026-02-07T19:04:11.450+0000] {dag.py:3823} INFO - Setting next_dagrun for pipeline_etl_clima to 2026-02-07 19:00:00+00:00, run_after=2026-02-07 19:10:00+00:00
[2026-02-07T19:04:11.473+0000] {processor.py:183} INFO - Processing /opt/airflow/dags/pipeline_etl_clima.py took 0.091 seconds
[2026-02-07T19:04:41.629+0000] {processor.py:161} INFO - Started process (PID=824) to work on /opt/airflow/dags/pipeline_etl_clima.py
[2026-02-07T19:04:41.630+0000] {processor.py:830} INFO - Processing file /opt/airflow/dags/pipeline_etl_clima.py for tasks to queue
[2026-02-07T19:04:41.631+0000] {logging_mixin.py:188} INFO - [2026-02-07T19:04:41.631+0000] {dagbag.py:538} INFO - Filling up the DagBag from /opt/airflow/dags/pipeline_etl_clima.py
[2026-02-07T19:04:41.653+0000] {processor.py:840} INFO - DAG(s) 'pipeline_etl_clima' retrieved from /opt/airflow/dags/pipeline_etl_clima.py
[2026-02-07T19:04:41.685+0000] {logging_mixin.py:188} INFO - [2026-02-07T19:04:41.684+0000] {dag.py:3036} INFO - Sync 1 DAGs
[2026-02-07T19:04:41.702+0000] {logging_mixin.py:188} INFO - [2026-02-07T19:04:41.702+0000] {dag.py:3823} INFO - Setting next_dagrun for pipeline_etl_clima to 2026-02-07 19:00:00+00:00, run_after=2026-02-07 19:10:00+00:00
[2026-02-07T19:04:41.713+0000] {processor.py:183} INFO - Processing /opt/airflow/dags/pipeline_etl_clima.py took 0.086 seconds
[2026-02-07T19:05:11.920+0000] {processor.py:161} INFO - Started process (PID=837) to work on /opt/airflow/dags/pipeline_etl_clima.py
[2026-02-07T19:05:11.921+0000] {processor.py:830} INFO - Processing file /opt/airflow/dags/pipeline_etl_clima.py for tasks to queue
[2026-02-07T19:05:11.923+0000] {logging_mixin.py:188} INFO - [2026-02-07T19:05:11.922+0000] {dagbag.py:538} INFO - Filling up the DagBag from /opt/airflow/dags/pipeline_etl_clima.py
[2026-02-07T19:05:11.945+0000] {processor.py:840} INFO - DAG(s) 'pipeline_etl_clima' retrieved from /opt/airflow/dags/pipeline_etl_clima.py
[2026-02-07T19:05:11.962+0000] {logging_mixin.py:188} INFO - [2026-02-07T19:05:11.962+0000] {dag.py:3036} INFO - Sync 1 DAGs
[2026-02-07T19:05:11.976+0000] {logging_mixin.py:188} INFO - [2026-02-07T19:05:11.976+0000] {dag.py:3823} INFO - Setting next_dagrun for pipeline_etl_clima to 2026-02-07 19:00:00+00:00, run_after=2026-02-07 19:10:00+00:00
[2026-02-07T19:05:11.990+0000] {processor.py:183} INFO - Processing /opt/airflow/dags/pipeline_etl_clima.py took 0.072 seconds
[2026-02-07T19:05:42.188+0000] {processor.py:161} INFO - Started process (PID=849) to work on /opt/airflow/dags/pipeline_etl_clima.py
[2026-02-07T19:05:42.189+0000] {processor.py:830} INFO - Processing file /opt/airflow/dags/pipeline_etl_clima.py for tasks to queue
[2026-02-07T19:05:42.190+0000] {logging_mixin.py:188} INFO - [2026-02-07T19:05:42.189+0000] {dagbag.py:538} INFO - Filling up the DagBag from /opt/airflow/dags/pipeline_etl_clima.py
[2026-02-07T19:05:42.207+0000] {processor.py:840} INFO - DAG(s) 'pipeline_etl_clima' retrieved from /opt/airflow/dags/pipeline_etl_clima.py
[2026-02-07T19:05:42.237+0000] {logging_mixin.py:188} INFO - [2026-02-07T19:05:42.236+0000] {dag.py:3036} INFO - Sync 1 DAGs
[2026-02-07T19:05:42.269+0000] {logging_mixin.py:188} INFO - [2026-02-07T19:05:42.268+0000] {dag.py:3823} INFO - Setting next_dagrun for pipeline_etl_clima to 2026-02-07 19:00:00+00:00, run_after=2026-02-07 19:10:00+00:00
[2026-02-07T19:05:42.298+0000] {processor.py:183} INFO - Processing /opt/airflow/dags/pipeline_etl_clima.py took 0.113 seconds
[2026-02-07T19:06:12.439+0000] {processor.py:161} INFO - Started process (PID=861) to work on /opt/airflow/dags/pipeline_etl_clima.py
[2026-02-07T19:06:12.442+0000] {processor.py:830} INFO - Processing file /opt/airflow/dags/pipeline_etl_clima.py for tasks to queue
[2026-02-07T19:06:12.444+0000] {logging_mixin.py:188} INFO - [2026-02-07T19:06:12.443+0000] {dagbag.py:538} INFO - Filling up the DagBag from /opt/airflow/dags/pipeline_etl_clima.py
[2026-02-07T19:06:12.463+0000] {processor.py:840} INFO - DAG(s) 'pipeline_etl_clima' retrieved from /opt/airflow/dags/pipeline_etl_clima.py
[2026-02-07T19:06:12.486+0000] {logging_mixin.py:188} INFO - [2026-02-07T19:06:12.485+0000] {dag.py:3036} INFO - Sync 1 DAGs
[2026-02-07T19:06:12.506+0000] {logging_mixin.py:188} INFO - [2026-02-07T19:06:12.506+0000] {dag.py:3823} INFO - Setting next_dagrun for pipeline_etl_clima to 2026-02-07 19:00:00+00:00, run_after=2026-02-07 19:10:00+00:00
[2026-02-07T19:06:12.519+0000] {processor.py:183} INFO - Processing /opt/airflow/dags/pipeline_etl_clima.py took 0.087 seconds
[2026-02-07T19:06:42.736+0000] {processor.py:161} INFO - Started process (PID=873) to work on /opt/airflow/dags/pipeline_etl_clima.py
[2026-02-07T19:06:42.737+0000] {processor.py:830} INFO - Processing file /opt/airflow/dags/pipeline_etl_clima.py for tasks to queue
[2026-02-07T19:06:42.739+0000] {logging_mixin.py:188} INFO - [2026-02-07T19:06:42.738+0000] {dagbag.py:538} INFO - Filling up the DagBag from /opt/airflow/dags/pipeline_etl_clima.py
[2026-02-07T19:06:42.758+0000] {processor.py:840} INFO - DAG(s) 'pipeline_etl_clima' retrieved from /opt/airflow/dags/pipeline_etl_clima.py
[2026-02-07T19:06:42.780+0000] {logging_mixin.py:188} INFO - [2026-02-07T19:06:42.780+0000] {dag.py:3036} INFO - Sync 1 DAGs
[2026-02-07T19:06:42.810+0000] {logging_mixin.py:188} INFO - [2026-02-07T19:06:42.809+0000] {dag.py:3823} INFO - Setting next_dagrun for pipeline_etl_clima to 2026-02-07 19:00:00+00:00, run_after=2026-02-07 19:10:00+00:00
[2026-02-07T19:06:42.825+0000] {processor.py:183} INFO - Processing /opt/airflow/dags/pipeline_etl_clima.py took 0.094 seconds
[2026-02-07T19:07:13.023+0000] {processor.py:161} INFO - Started process (PID=885) to work on /opt/airflow/dags/pipeline_etl_clima.py
[2026-02-07T19:07:13.024+0000] {processor.py:830} INFO - Processing file /opt/airflow/dags/pipeline_etl_clima.py for tasks to queue
[2026-02-07T19:07:13.025+0000] {logging_mixin.py:188} INFO - [2026-02-07T19:07:13.025+0000] {dagbag.py:538} INFO - Filling up the DagBag from /opt/airflow/dags/pipeline_etl_clima.py
[2026-02-07T19:07:13.043+0000] {processor.py:840} INFO - DAG(s) 'pipeline_etl_clima' retrieved from /opt/airflow/dags/pipeline_etl_clima.py
[2026-02-07T19:07:13.058+0000] {logging_mixin.py:188} INFO - [2026-02-07T19:07:13.058+0000] {dag.py:3036} INFO - Sync 1 DAGs
[2026-02-07T19:07:13.074+0000] {logging_mixin.py:188} INFO - [2026-02-07T19:07:13.074+0000] {dag.py:3823} INFO - Setting next_dagrun for pipeline_etl_clima to 2026-02-07 19:00:00+00:00, run_after=2026-02-07 19:10:00+00:00
[2026-02-07T19:07:13.094+0000] {processor.py:183} INFO - Processing /opt/airflow/dags/pipeline_etl_clima.py took 0.077 seconds
[2026-02-07T19:07:43.363+0000] {processor.py:161} INFO - Started process (PID=897) to work on /opt/airflow/dags/pipeline_etl_clima.py
[2026-02-07T19:07:43.363+0000] {processor.py:830} INFO - Processing file /opt/airflow/dags/pipeline_etl_clima.py for tasks to queue
[2026-02-07T19:07:43.365+0000] {logging_mixin.py:188} INFO - [2026-02-07T19:07:43.364+0000] {dagbag.py:538} INFO - Filling up the DagBag from /opt/airflow/dags/pipeline_etl_clima.py
[2026-02-07T19:07:43.378+0000] {processor.py:840} INFO - DAG(s) 'pipeline_etl_clima' retrieved from /opt/airflow/dags/pipeline_etl_clima.py
[2026-02-07T19:07:43.393+0000] {logging_mixin.py:188} INFO - [2026-02-07T19:07:43.393+0000] {dag.py:3036} INFO - Sync 1 DAGs
[2026-02-07T19:07:43.408+0000] {logging_mixin.py:188} INFO - [2026-02-07T19:07:43.408+0000] {dag.py:3823} INFO - Setting next_dagrun for pipeline_etl_clima to 2026-02-07 19:00:00+00:00, run_after=2026-02-07 19:10:00+00:00
[2026-02-07T19:07:43.432+0000] {processor.py:183} INFO - Processing /opt/airflow/dags/pipeline_etl_clima.py took 0.073 seconds
[2026-02-07T19:08:13.626+0000] {processor.py:161} INFO - Started process (PID=909) to work on /opt/airflow/dags/pipeline_etl_clima.py
[2026-02-07T19:08:13.627+0000] {processor.py:830} INFO - Processing file /opt/airflow/dags/pipeline_etl_clima.py for tasks to queue
[2026-02-07T19:08:13.628+0000] {logging_mixin.py:188} INFO - [2026-02-07T19:08:13.627+0000] {dagbag.py:538} INFO - Filling up the DagBag from /opt/airflow/dags/pipeline_etl_clima.py
[2026-02-07T19:08:13.654+0000] {processor.py:840} INFO - DAG(s) 'pipeline_etl_clima' retrieved from /opt/airflow/dags/pipeline_etl_clima.py
[2026-02-07T19:08:13.673+0000] {logging_mixin.py:188} INFO - [2026-02-07T19:08:13.672+0000] {dag.py:3036} INFO - Sync 1 DAGs
[2026-02-07T19:08:13.685+0000] {logging_mixin.py:188} INFO - [2026-02-07T19:08:13.685+0000] {dag.py:3823} INFO - Setting next_dagrun for pipeline_etl_clima to 2026-02-07 19:00:00+00:00, run_after=2026-02-07 19:10:00+00:00
[2026-02-07T19:08:13.698+0000] {processor.py:183} INFO - Processing /opt/airflow/dags/pipeline_etl_clima.py took 0.076 seconds
[2026-02-07T19:08:43.857+0000] {processor.py:161} INFO - Started process (PID=921) to work on /opt/airflow/dags/pipeline_etl_clima.py
[2026-02-07T19:08:43.859+0000] {processor.py:830} INFO - Processing file /opt/airflow/dags/pipeline_etl_clima.py for tasks to queue
[2026-02-07T19:08:43.861+0000] {logging_mixin.py:188} INFO - [2026-02-07T19:08:43.860+0000] {dagbag.py:538} INFO - Filling up the DagBag from /opt/airflow/dags/pipeline_etl_clima.py
[2026-02-07T19:08:43.886+0000] {processor.py:840} INFO - DAG(s) 'pipeline_etl_clima' retrieved from /opt/airflow/dags/pipeline_etl_clima.py
[2026-02-07T19:08:43.918+0000] {logging_mixin.py:188} INFO - [2026-02-07T19:08:43.917+0000] {dag.py:3036} INFO - Sync 1 DAGs
[2026-02-07T19:08:43.939+0000] {logging_mixin.py:188} INFO - [2026-02-07T19:08:43.939+0000] {dag.py:3823} INFO - Setting next_dagrun for pipeline_etl_clima to 2026-02-07 19:00:00+00:00, run_after=2026-02-07 19:10:00+00:00
[2026-02-07T19:08:43.967+0000] {processor.py:183} INFO - Processing /opt/airflow/dags/pipeline_etl_clima.py took 0.115 seconds
