[2026-02-07T18:52:21.061+0000] {taskinstance.py:1956} INFO - Dependencies all met for dep_context=non-requeueable deps ti=<TaskInstance: pipeline_etl_clima.transformar_dados scheduled__2026-02-07T18:40:00+00:00 [queued]>
[2026-02-07T18:52:21.070+0000] {taskinstance.py:1956} INFO - Dependencies all met for dep_context=requeueable deps ti=<TaskInstance: pipeline_etl_clima.transformar_dados scheduled__2026-02-07T18:40:00+00:00 [queued]>
[2026-02-07T18:52:21.071+0000] {taskinstance.py:2170} INFO - Starting attempt 1 of 3
[2026-02-07T18:52:21.091+0000] {taskinstance.py:2191} INFO - Executing <Task(PythonOperator): transformar_dados> on 2026-02-07 18:40:00+00:00
[2026-02-07T18:52:21.098+0000] {standard_task_runner.py:60} INFO - Started process 535 to run task
[2026-02-07T18:52:21.103+0000] {standard_task_runner.py:87} INFO - Running: ['***', 'tasks', 'run', 'pipeline_etl_clima', 'transformar_dados', 'scheduled__2026-02-07T18:40:00+00:00', '--job-id', '4', '--raw', '--subdir', 'DAGS_FOLDER/pipeline_etl_clima.py', '--cfg-path', '/tmp/tmpg0fms_o1']
[2026-02-07T18:52:21.112+0000] {standard_task_runner.py:88} INFO - Job 4: Subtask transformar_dados
[2026-02-07T18:52:21.212+0000] {task_command.py:423} INFO - Running <TaskInstance: pipeline_etl_clima.transformar_dados scheduled__2026-02-07T18:40:00+00:00 [running]> on host 6061d6eb858f
[2026-02-07T18:52:21.284+0000] {taskinstance.py:2480} INFO - Exporting env vars: AIRFLOW_CTX_DAG_OWNER='Davi' AIRFLOW_CTX_DAG_ID='pipeline_etl_clima' AIRFLOW_CTX_TASK_ID='transformar_dados' AIRFLOW_CTX_EXECUTION_DATE='2026-02-07T18:40:00+00:00' AIRFLOW_CTX_TRY_NUMBER='1' AIRFLOW_CTX_DAG_RUN_ID='scheduled__2026-02-07T18:40:00+00:00'
[2026-02-07T18:52:21.287+0000] {logging_mixin.py:188} INFO - ============================================================
[2026-02-07T18:52:21.287+0000] {logging_mixin.py:188} INFO - INICIANDO TRANSFORMAÇÃO DE DADOS
[2026-02-07T18:52:21.287+0000] {logging_mixin.py:188} INFO - ============================================================
[2026-02-07T18:52:21.302+0000] {logging_mixin.py:188} INFO - Transformado: Fortaleza -> 30.07°C
[2026-02-07T18:52:21.303+0000] {logging_mixin.py:188} INFO - Transformado: Morada Nova -> 29.55°C
[2026-02-07T18:52:21.304+0000] {logging_mixin.py:188} INFO - Transformado: São Paulo -> 23.49°C
[2026-02-07T18:52:21.304+0000] {logging_mixin.py:188} INFO - Transformado: Rio de Janeiro -> 27.98°C
[2026-02-07T18:52:21.305+0000] {logging_mixin.py:188} INFO - Transformado: Belo Horizonte -> 23.44°C
[2026-02-07T18:52:21.305+0000] {logging_mixin.py:188} INFO - Transformado: Salvador -> 29.98°C
[2026-02-07T18:52:21.306+0000] {logging_mixin.py:188} INFO - Transformado: Curitiba -> 30.46°C
[2026-02-07T18:52:21.306+0000] {logging_mixin.py:188} INFO - Transformado: Manaus -> 30.27°C
[2026-02-07T18:52:21.306+0000] {logging_mixin.py:188} INFO - Transformado: Recife -> 26.02°C
[2026-02-07T18:52:21.307+0000] {logging_mixin.py:188} INFO - Transformado: Brasília -> 26.51°C
[2026-02-07T18:52:21.308+0000] {logging_mixin.py:188} INFO - 
 Total de registros transformados: 10
[2026-02-07T18:52:21.325+0000] {python.py:201} INFO - Done. Returned value was: [{'cidade': 'Fortaleza', 'pais': 'BR', 'data_coleta': '2026-02-07 18:50:25', 'temperatura_celsius': 30.07, 'sensacao_termica': 34.26, 'temp_minima': 27.85, 'temp_maxima': 30.07, 'umidade': 66, 'pressao': 1012, 'descricao_clima': 'scattered clouds', 'velocidade_vento': 5.66, 'timestamp_processamento': '2026-02-07 18:52:21'}, {'cidade': 'Morada Nova', 'pais': 'BR', 'data_coleta': '2026-02-07 18:52:15', 'temperatura_celsius': 29.55, 'sensacao_termica': 31.31, 'temp_minima': 28.95, 'temp_maxima': 29.55, 'umidade': 56, 'pressao': 1011, 'descricao_clima': 'overcast clouds', 'velocidade_vento': 3.12, 'timestamp_processamento': '2026-02-07 18:52:21'}, {'cidade': 'São Paulo', 'pais': 'BR', 'data_coleta': '2026-02-07 18:51:53', 'temperatura_celsius': 23.49, 'sensacao_termica': 24.27, 'temp_minima': 21.87, 'temp_maxima': 24.2, 'umidade': 91, 'pressao': 1012, 'descricao_clima': 'broken clouds', 'velocidade_vento': 3.6, 'timestamp_processamento': '2026-02-07 18:52:21'}, {'cidade': 'Rio de Janeiro', 'pais': 'BR', 'data_coleta': '2026-02-07 18:49:46', 'temperatura_celsius': 27.98, 'sensacao_termica': 32.52, 'temp_minima': 27.38, 'temp_maxima': 30.0, 'umidade': 83, 'pressao': 1010, 'descricao_clima': 'thunderstorm', 'velocidade_vento': 6.69, 'timestamp_processamento': '2026-02-07 18:52:21'}, {'cidade': 'Belo Horizonte', 'pais': 'BR', 'data_coleta': '2026-02-07 18:50:29', 'temperatura_celsius': 23.44, 'sensacao_termica': 24.01, 'temp_minima': 22.84, 'temp_maxima': 27.86, 'umidade': 83, 'pressao': 1014, 'descricao_clima': 'scattered clouds', 'velocidade_vento': 0, 'timestamp_processamento': '2026-02-07 18:52:21'}, {'cidade': 'Salvador', 'pais': 'BR', 'data_coleta': '2026-02-07 18:47:29', 'temperatura_celsius': 29.98, 'sensacao_termica': 35.73, 'temp_minima': 29.38, 'temp_maxima': 29.98, 'umidade': 73, 'pressao': 1012, 'descricao_clima': 'clear sky', 'velocidade_vento': 8.11, 'timestamp_processamento': '2026-02-07 18:52:21'}, {'cidade': 'Curitiba', 'pais': 'BR', 'data_coleta': '2026-02-07 18:48:05', 'temperatura_celsius': 30.46, 'sensacao_termica': 30.11, 'temp_minima': 28.39, 'temp_maxima': 30.91, 'umidade': 39, 'pressao': 1009, 'descricao_clima': 'clear sky', 'velocidade_vento': 2.57, 'timestamp_processamento': '2026-02-07 18:52:21'}, {'cidade': 'Manaus', 'pais': 'BR', 'data_coleta': '2026-02-07 18:48:04', 'temperatura_celsius': 30.27, 'sensacao_termica': 34.71, 'temp_minima': 29.67, 'temp_maxima': 30.28, 'umidade': 66, 'pressao': 1012, 'descricao_clima': 'scattered clouds', 'velocidade_vento': 2.57, 'timestamp_processamento': '2026-02-07 18:52:21'}, {'cidade': 'Recife', 'pais': 'BR', 'data_coleta': '2026-02-07 18:48:29', 'temperatura_celsius': 26.02, 'sensacao_termica': 26.02, 'temp_minima': 25.42, 'temp_maxima': 26.02, 'umidade': 83, 'pressao': 1013, 'descricao_clima': 'broken clouds', 'velocidade_vento': 1.54, 'timestamp_processamento': '2026-02-07 18:52:21'}, {'cidade': 'Brasília', 'pais': 'BR', 'data_coleta': '2026-02-07 18:48:13', 'temperatura_celsius': 26.51, 'sensacao_termica': 26.51, 'temp_minima': 25.91, 'temp_maxima': 26.51, 'umidade': 57, 'pressao': 1015, 'descricao_clima': 'scattered clouds', 'velocidade_vento': 4.63, 'timestamp_processamento': '2026-02-07 18:52:21'}]
[2026-02-07T18:52:21.353+0000] {taskinstance.py:1138} INFO - Marking task as SUCCESS. dag_id=pipeline_etl_clima, task_id=transformar_dados, execution_date=20260207T184000, start_date=20260207T185221, end_date=20260207T185221
[2026-02-07T18:52:21.409+0000] {local_task_job_runner.py:234} INFO - Task exited with return code 0
[2026-02-07T18:52:21.436+0000] {taskinstance.py:3280} INFO - 1 downstream tasks scheduled from follow-on schedule check
