[2026-02-07T19:00:01.123+0000] {taskinstance.py:1956} INFO - Dependencies all met for dep_context=non-requeueable deps ti=<TaskInstance: pipeline_etl_clima.extrair_dados scheduled__2026-02-07T18:50:00+00:00 [queued]>
[2026-02-07T19:00:01.133+0000] {taskinstance.py:1956} INFO - Dependencies all met for dep_context=requeueable deps ti=<TaskInstance: pipeline_etl_clima.extrair_dados scheduled__2026-02-07T18:50:00+00:00 [queued]>
[2026-02-07T19:00:01.133+0000] {taskinstance.py:2170} INFO - Starting attempt 1 of 3
[2026-02-07T19:00:01.150+0000] {taskinstance.py:2191} INFO - Executing <Task(PythonOperator): extrair_dados> on 2026-02-07 18:50:00+00:00
[2026-02-07T19:00:01.154+0000] {standard_task_runner.py:60} INFO - Started process 718 to run task
[2026-02-07T19:00:01.157+0000] {standard_task_runner.py:87} INFO - Running: ['***', 'tasks', 'run', 'pipeline_etl_clima', 'extrair_dados', 'scheduled__2026-02-07T18:50:00+00:00', '--job-id', '6', '--raw', '--subdir', 'DAGS_FOLDER/pipeline_etl_clima.py', '--cfg-path', '/tmp/tmpg3wvmsrb']
[2026-02-07T19:00:01.160+0000] {standard_task_runner.py:88} INFO - Job 6: Subtask extrair_dados
[2026-02-07T19:00:01.200+0000] {task_command.py:423} INFO - Running <TaskInstance: pipeline_etl_clima.extrair_dados scheduled__2026-02-07T18:50:00+00:00 [running]> on host 6061d6eb858f
[2026-02-07T19:00:01.280+0000] {taskinstance.py:2480} INFO - Exporting env vars: AIRFLOW_CTX_DAG_OWNER='Davi' AIRFLOW_CTX_DAG_ID='pipeline_etl_clima' AIRFLOW_CTX_TASK_ID='extrair_dados' AIRFLOW_CTX_EXECUTION_DATE='2026-02-07T18:50:00+00:00' AIRFLOW_CTX_TRY_NUMBER='1' AIRFLOW_CTX_DAG_RUN_ID='scheduled__2026-02-07T18:50:00+00:00'
[2026-02-07T19:00:01.281+0000] {logging_mixin.py:188} INFO - ============================================================
[2026-02-07T19:00:01.281+0000] {logging_mixin.py:188} INFO - INICIANDO EXTRAÇÃO DE DADOS
[2026-02-07T19:00:01.282+0000] {logging_mixin.py:188} INFO - ============================================================
[2026-02-07T19:00:01.282+0000] {logging_mixin.py:188} INFO - Buscando dados: Fortaleza
[2026-02-07T19:00:01.931+0000] {logging_mixin.py:188} INFO - Sucesso: Fortaleza - Temp: 303.22K
[2026-02-07T19:00:01.933+0000] {logging_mixin.py:188} INFO - Buscando dados: Morada Nova
[2026-02-07T19:00:02.548+0000] {logging_mixin.py:188} INFO - Sucesso: Morada Nova - Temp: 302.7K
[2026-02-07T19:00:02.549+0000] {logging_mixin.py:188} INFO - Buscando dados: São Paulo
[2026-02-07T19:00:03.054+0000] {logging_mixin.py:188} INFO - Sucesso: São Paulo - Temp: 296.64K
[2026-02-07T19:00:03.055+0000] {logging_mixin.py:188} INFO - Buscando dados: Rio de Janeiro
[2026-02-07T19:00:03.587+0000] {logging_mixin.py:188} INFO - Sucesso: Rio de Janeiro - Temp: 301.13K
[2026-02-07T19:00:03.587+0000] {logging_mixin.py:188} INFO - Buscando dados: Belo Horizonte
[2026-02-07T19:00:04.084+0000] {logging_mixin.py:188} INFO - Sucesso: Belo Horizonte - Temp: 296.59K
[2026-02-07T19:00:04.084+0000] {logging_mixin.py:188} INFO - Buscando dados: Salvador
[2026-02-07T19:00:04.797+0000] {logging_mixin.py:188} INFO - Sucesso: Salvador - Temp: 303.13K
[2026-02-07T19:00:04.798+0000] {logging_mixin.py:188} INFO - Buscando dados: Curitiba
[2026-02-07T19:00:05.514+0000] {logging_mixin.py:188} INFO - Sucesso: Curitiba - Temp: 303.61K
[2026-02-07T19:00:05.515+0000] {logging_mixin.py:188} INFO - Buscando dados: Manaus
[2026-02-07T19:00:06.025+0000] {logging_mixin.py:188} INFO - Sucesso: Manaus - Temp: 303.42K
[2026-02-07T19:00:06.026+0000] {logging_mixin.py:188} INFO - Buscando dados: Recife
[2026-02-07T19:00:07.257+0000] {logging_mixin.py:188} INFO - Sucesso: Recife - Temp: 299.17K
[2026-02-07T19:00:07.259+0000] {logging_mixin.py:188} INFO - Buscando dados: Brasília
[2026-02-07T19:00:07.758+0000] {logging_mixin.py:188} INFO - Sucesso: Brasília - Temp: 299.66K
[2026-02-07T19:00:07.759+0000] {logging_mixin.py:188} INFO - 
 Total de cidades coletadas: 10
[2026-02-07T19:00:07.792+0000] {python.py:201} INFO - Done. Returned value was: [{'coord': {'lon': -38.5247, 'lat': -3.7227}, 'weather': [{'id': 802, 'main': 'Clouds', 'description': 'scattered clouds', 'icon': '03d'}], 'base': 'stations', 'main': {'temp': 303.22, 'feels_like': 307.41, 'temp_min': 301.6, 'temp_max': 303.22, 'pressure': 1012, 'humidity': 66, 'sea_level': 1012, 'grnd_level': 1010}, 'visibility': 10000, 'wind': {'speed': 5.66, 'deg': 70}, 'clouds': {'all': 40}, 'dt': 1770490225, 'sys': {'type': 1, 'id': 8363, 'country': 'BR', 'sunrise': 1770453644, 'sunset': 1770497747}, 'timezone': -10800, 'id': 6320062, 'name': 'Fortaleza', 'cod': 200}, {'coord': {'lon': -38.3725, 'lat': -5.1067}, 'weather': [{'id': 804, 'main': 'Clouds', 'description': 'overcast clouds', 'icon': '04d'}], 'base': 'stations', 'main': {'temp': 302.7, 'feels_like': 304.46, 'temp_min': 302.7, 'temp_max': 302.7, 'pressure': 1011, 'humidity': 56, 'sea_level': 1011, 'grnd_level': 1001}, 'visibility': 10000, 'wind': {'speed': 3.12, 'deg': 32, 'gust': 6.34}, 'clouds': {'all': 100}, 'dt': 1770490335, 'sys': {'country': 'BR', 'sunrise': 1770453515, 'sunset': 1770497803}, 'timezone': -10800, 'id': 3394500, 'name': 'Morada Nova', 'cod': 200}, {'coord': {'lon': -46.6361, 'lat': -23.5475}, 'weather': [{'id': 803, 'main': 'Clouds', 'description': 'broken clouds', 'icon': '04d'}], 'base': 'stations', 'main': {'temp': 296.64, 'feels_like': 297.42, 'temp_min': 295.62, 'temp_max': 297.35, 'pressure': 1012, 'humidity': 91, 'sea_level': 1012, 'grnd_level': 923}, 'visibility': 10000, 'wind': {'speed': 3.6, 'deg': 150}, 'clouds': {'all': 75}, 'dt': 1770490313, 'sys': {'type': 1, 'id': 8394, 'country': 'BR', 'sunrise': 1770454173, 'sunset': 1770501112}, 'timezone': -10800, 'id': 3448439, 'name': 'São Paulo', 'cod': 200}, {'coord': {'lon': -43.2075, 'lat': -22.9028}, 'weather': [{'id': 211, 'main': 'Thunderstorm', 'description': 'thunderstorm', 'icon': '11d'}, {'id': 500, 'main': 'Rain', 'description': 'light rain', 'icon': '10d'}], 'base': 'stations', 'main': {'temp': 301.13, 'feels_like': 305.67, 'temp_min': 301.13, 'temp_max': 303.15, 'pressure': 1010, 'humidity': 83, 'sea_level': 1010, 'grnd_level': 1012}, 'visibility': 10000, 'wind': {'speed': 6.69, 'deg': 120}, 'rain': {'1h': 0.87}, 'clouds': {'all': 40}, 'dt': 1770490186, 'sys': {'type': 1, 'id': 8429, 'country': 'BR', 'sunrise': 1770453402, 'sunset': 1770500237}, 'timezone': -10800, 'id': 3451190, 'name': 'Rio de Janeiro', 'cod': 200}, {'coord': {'lon': -43.9378, 'lat': -19.9208}, 'weather': [{'id': 802, 'main': 'Clouds', 'description': 'scattered clouds', 'icon': '03d'}], 'base': 'stations', 'main': {'temp': 296.59, 'feels_like': 297.16, 'temp_min': 296.59, 'temp_max': 301.01, 'pressure': 1014, 'humidity': 83, 'sea_level': 1014, 'grnd_level': 905}, 'visibility': 10000, 'wind': {'speed': 0, 'deg': 0}, 'clouds': {'all': 40}, 'dt': 1770490229, 'sys': {'type': 1, 'id': 8329, 'country': 'BR', 'sunrise': 1770453809, 'sunset': 1770500180}, 'timezone': -10800, 'id': 3470127, 'name': 'Belo Horizonte', 'cod': 200}, {'coord': {'lon': -38.5108, 'lat': -12.9711}, 'weather': [{'id': 800, 'main': 'Clear', 'description': 'clear sky', 'icon': '01d'}], 'base': 'stations', 'main': {'temp': 303.13, 'feels_like': 308.88, 'temp_min': 303.13, 'temp_max': 303.13, 'pressure': 1012, 'humidity': 73, 'sea_level': 1012, 'grnd_level': 1012}, 'visibility': 10000, 'wind': {'speed': 8.11, 'deg': 100, 'gust': 8.63}, 'clouds': {'all': 0}, 'dt': 1770490049, 'sys': {'type': 1, 'id': 8454, 'country': 'BR', 'sunrise': 1770453013, 'sunset': 1770498372}, 'timezone': -10800, 'id': 3450554, 'name': 'Salvador', 'cod': 200}, {'coord': {'lon': -49.2908, 'lat': -25.504}, 'weather': [{'id': 800, 'main': 'Clear', 'description': 'clear sky', 'icon': '01d'}], 'base': 'stations', 'main': {'temp': 303.61, 'feels_like': 303.26, 'temp_min': 302.14, 'temp_max': 304.06, 'pressure': 1009, 'humidity': 39, 'sea_level': 1009, 'grnd_level': 910}, 'visibility': 10000, 'wind': {'speed': 2.57, 'deg': 80}, 'clouds': {'all': 0}, 'dt': 1770490085, 'sys': {'type': 2, 'id': 2073418, 'country': 'BR', 'sunrise': 1770454650, 'sunset': 1770501909}, 'timezone': -10800, 'id': 6322752, 'name': 'Curitiba', 'cod': 200}, {'coord': {'lon': -60.025, 'lat': -3.1019}, 'weather': [{'id': 802, 'main': 'Clouds', 'description': 'scattered clouds', 'icon': '03d'}], 'base': 'stations', 'main': {'temp': 303.42, 'feels_like': 307.86, 'temp_min': 303.42, 'temp_max': 303.43, 'pressure': 1012, 'humidity': 66, 'sea_level': 1012, 'grnd_level': 1007}, 'visibility': 10000, 'wind': {'speed': 2.57, 'deg': 80}, 'clouds': {'all': 40}, 'dt': 1770490084, 'sys': {'type': 1, 'id': 8412, 'country': 'BR', 'sunrise': 1770458845, 'sunset': 1770502866}, 'timezone': -14400, 'id': 3663517, 'name': 'Manaus', 'cod': 200}, {'coord': {'lon': -34.8811, 'lat': -8.0539}, 'weather': [{'id': 803, 'main': 'Clouds', 'description': 'broken clouds', 'icon': '04d'}], 'base': 'stations', 'main': {'temp': 299.17, 'feels_like': 299.17, 'temp_min': 299.17, 'temp_max': 299.17, 'pressure': 1013, 'humidity': 83, 'sea_level': 1013, 'grnd_level': 1010}, 'visibility': 10000, 'wind': {'speed': 1.54, 'deg': 310}, 'clouds': {'all': 75}, 'dt': 1770490109, 'sys': {'type': 1, 'id': 8426, 'country': 'BR', 'sunrise': 1770452480, 'sunset': 1770497162}, 'timezone': -10800, 'id': 3390760, 'name': 'Recife', 'cod': 200}, {'coord': {'lon': -47.9297, 'lat': -15.7797}, 'weather': [{'id': 802, 'main': 'Clouds', 'description': 'scattered clouds', 'icon': '03d'}], 'base': 'stations', 'main': {'temp': 299.66, 'feels_like': 299.66, 'temp_min': 299.66, 'temp_max': 299.66, 'pressure': 1015, 'humidity': 57, 'sea_level': 1015, 'grnd_level': 888}, 'visibility': 10000, 'wind': {'speed': 4.63, 'deg': 320}, 'clouds': {'all': 40}, 'dt': 1770490093, 'sys': {'type': 1, 'id': 8336, 'country': 'BR', 'sunrise': 1770455074, 'sunset': 1770500832}, 'timezone': -10800, 'id': 3469058, 'name': 'Brasília', 'cod': 200}]
[2026-02-07T19:00:07.823+0000] {taskinstance.py:1138} INFO - Marking task as SUCCESS. dag_id=pipeline_etl_clima, task_id=extrair_dados, execution_date=20260207T185000, start_date=20260207T190001, end_date=20260207T190007
[2026-02-07T19:00:07.876+0000] {local_task_job_runner.py:234} INFO - Task exited with return code 0
[2026-02-07T19:00:07.913+0000] {taskinstance.py:3280} INFO - 1 downstream tasks scheduled from follow-on schedule check
