[2026-02-07T18:37:56.629+0000] {manager.py:469} INFO - Processing files using up to 2 processes at a time 
[2026-02-07T18:37:56.630+0000] {manager.py:470} INFO - Process each file at most once every 30 seconds
[2026-02-07T18:37:56.630+0000] {manager.py:471} INFO - Checking for new files in /opt/airflow/dags every 300 seconds
[2026-02-07T18:37:56.631+0000] {manager.py:738} INFO - Searching for files in /opt/airflow/dags
[2026-02-07T18:37:56.635+0000] {manager.py:741} INFO - There are 1 files in /opt/airflow/dags
[2026-02-07T18:37:56.720+0000] {manager.py:879} INFO - 
================================================================================
DAG File Processing Stats

File Path                                  PID  Runtime      # DAGs    # Errors  Last Runtime    Last Run
---------------------------------------  -----  ---------  --------  ----------  --------------  ----------
/opt/airflow/dags/pipeline_etl_clima.py    192  0.03s             0           0
================================================================================
[2026-02-07T18:38:26.908+0000] {manager.py:879} INFO - 
================================================================================
DAG File Processing Stats

File Path                                PID    Runtime      # DAGs    # Errors  Last Runtime    Last Run
---------------------------------------  -----  ---------  --------  ----------  --------------  -------------------
/opt/airflow/dags/pipeline_etl_clima.py                           1           0  0.31s           2026-02-07T18:37:56
================================================================================
[2026-02-07T18:38:57.422+0000] {manager.py:879} INFO - 
================================================================================
DAG File Processing Stats

File Path                                  PID  Runtime      # DAGs    # Errors  Last Runtime    Last Run
---------------------------------------  -----  ---------  --------  ----------  --------------  -------------------
/opt/airflow/dags/pipeline_etl_clima.py    218  0.00s             1           0  0.10s           2026-02-07T18:38:27
================================================================================
[2026-02-07T18:39:27.685+0000] {manager.py:879} INFO - 
================================================================================
DAG File Processing Stats

File Path                                  PID  Runtime      # DAGs    # Errors  Last Runtime    Last Run
---------------------------------------  -----  ---------  --------  ----------  --------------  -------------------
/opt/airflow/dags/pipeline_etl_clima.py    230  0.00s             1           0  0.09s           2026-02-07T18:38:57
================================================================================
[2026-02-07T18:39:57.911+0000] {manager.py:879} INFO - 
================================================================================
DAG File Processing Stats

File Path                                  PID  Runtime      # DAGs    # Errors  Last Runtime    Last Run
---------------------------------------  -----  ---------  --------  ----------  --------------  -------------------
/opt/airflow/dags/pipeline_etl_clima.py    242  0.00s             1           0  0.09s           2026-02-07T18:39:27
================================================================================
[2026-02-07T18:40:28.171+0000] {manager.py:879} INFO - 
================================================================================
DAG File Processing Stats

File Path                                  PID  Runtime      # DAGs    # Errors  Last Runtime    Last Run
---------------------------------------  -----  ---------  --------  ----------  --------------  -------------------
/opt/airflow/dags/pipeline_etl_clima.py    254  0.00s             1           0  0.08s           2026-02-07T18:39:57
================================================================================
[2026-02-07T18:40:58.411+0000] {manager.py:879} INFO - 
================================================================================
DAG File Processing Stats

File Path                                  PID  Runtime      # DAGs    # Errors  Last Runtime    Last Run
---------------------------------------  -----  ---------  --------  ----------  --------------  -------------------
/opt/airflow/dags/pipeline_etl_clima.py    266  0.00s             1           0  0.08s           2026-02-07T18:40:28
================================================================================
[2026-02-07T18:41:28.722+0000] {manager.py:879} INFO - 
================================================================================
DAG File Processing Stats

File Path                                  PID  Runtime      # DAGs    # Errors  Last Runtime    Last Run
---------------------------------------  -----  ---------  --------  ----------  --------------  -------------------
/opt/airflow/dags/pipeline_etl_clima.py    278  0.00s             1           0  0.21s           2026-02-07T18:40:58
================================================================================
[2026-02-07T18:41:59.042+0000] {manager.py:879} INFO - 
================================================================================
DAG File Processing Stats

File Path                                  PID  Runtime      # DAGs    # Errors  Last Runtime    Last Run
---------------------------------------  -----  ---------  --------  ----------  --------------  -------------------
/opt/airflow/dags/pipeline_etl_clima.py    290  0.00s             1           0  0.09s           2026-02-07T18:41:28
================================================================================
[2026-02-07T18:42:29.277+0000] {manager.py:879} INFO - 
================================================================================
DAG File Processing Stats

File Path                                  PID  Runtime      # DAGs    # Errors  Last Runtime    Last Run
---------------------------------------  -----  ---------  --------  ----------  --------------  -------------------
/opt/airflow/dags/pipeline_etl_clima.py    302  0.00s             1           0  0.08s           2026-02-07T18:41:59
================================================================================
[2026-02-07T18:42:57.510+0000] {manager.py:738} INFO - Searching for files in /opt/airflow/dags
[2026-02-07T18:42:57.516+0000] {manager.py:741} INFO - There are 1 files in /opt/airflow/dags
[2026-02-07T18:42:59.552+0000] {manager.py:879} INFO - 
================================================================================
DAG File Processing Stats

File Path                                  PID  Runtime      # DAGs    # Errors  Last Runtime    Last Run
---------------------------------------  -----  ---------  --------  ----------  --------------  -------------------
/opt/airflow/dags/pipeline_etl_clima.py    314  0.00s             1           0  0.09s           2026-02-07T18:42:29
================================================================================
[2026-02-07T18:43:29.796+0000] {manager.py:879} INFO - 
================================================================================
DAG File Processing Stats

File Path                                  PID  Runtime      # DAGs    # Errors  Last Runtime    Last Run
---------------------------------------  -----  ---------  --------  ----------  --------------  -------------------
/opt/airflow/dags/pipeline_etl_clima.py    326  0.01s             1           0  0.13s           2026-02-07T18:42:59
================================================================================
[2026-02-07T18:44:00.109+0000] {manager.py:879} INFO - 
================================================================================
DAG File Processing Stats

File Path                                  PID  Runtime      # DAGs    # Errors  Last Runtime    Last Run
---------------------------------------  -----  ---------  --------  ----------  --------------  -------------------
/opt/airflow/dags/pipeline_etl_clima.py    338  0.00s             1           0  0.13s           2026-02-07T18:43:29
================================================================================
[2026-02-07T18:44:30.343+0000] {manager.py:879} INFO - 
================================================================================
DAG File Processing Stats

File Path                                  PID  Runtime      # DAGs    # Errors  Last Runtime    Last Run
---------------------------------------  -----  ---------  --------  ----------  --------------  -------------------
/opt/airflow/dags/pipeline_etl_clima.py    350  0.01s             1           0  0.12s           2026-02-07T18:44:00
================================================================================
[2026-02-07T18:45:00.654+0000] {manager.py:879} INFO - 
================================================================================
DAG File Processing Stats

File Path                                  PID  Runtime      # DAGs    # Errors  Last Runtime    Last Run
---------------------------------------  -----  ---------  --------  ----------  --------------  -------------------
/opt/airflow/dags/pipeline_etl_clima.py    362  0.01s             1           0  0.09s           2026-02-07T18:44:30
================================================================================
[2026-02-07T18:45:30.905+0000] {manager.py:879} INFO - 
================================================================================
DAG File Processing Stats

File Path                                  PID  Runtime      # DAGs    # Errors  Last Runtime    Last Run
---------------------------------------  -----  ---------  --------  ----------  --------------  -------------------
/opt/airflow/dags/pipeline_etl_clima.py    374  0.00s             1           0  0.17s           2026-02-07T18:45:00
================================================================================
[2026-02-07T18:46:01.135+0000] {manager.py:879} INFO - 
================================================================================
DAG File Processing Stats

File Path                                  PID  Runtime      # DAGs    # Errors  Last Runtime    Last Run
---------------------------------------  -----  ---------  --------  ----------  --------------  -------------------
/opt/airflow/dags/pipeline_etl_clima.py    385  0.00s             1           0  0.08s           2026-02-07T18:45:30
================================================================================
[2026-02-07T18:46:31.412+0000] {manager.py:879} INFO - 
================================================================================
DAG File Processing Stats

File Path                                  PID  Runtime      # DAGs    # Errors  Last Runtime    Last Run
---------------------------------------  -----  ---------  --------  ----------  --------------  -------------------
/opt/airflow/dags/pipeline_etl_clima.py    397  0.00s             1           0  0.11s           2026-02-07T18:46:01
================================================================================
[2026-02-07T18:47:01.658+0000] {manager.py:879} INFO - 
================================================================================
DAG File Processing Stats

File Path                                  PID  Runtime      # DAGs    # Errors  Last Runtime    Last Run
---------------------------------------  -----  ---------  --------  ----------  --------------  -------------------
/opt/airflow/dags/pipeline_etl_clima.py    408  0.00s             1           0  0.08s           2026-02-07T18:46:31
================================================================================
[2026-02-07T18:47:31.973+0000] {manager.py:879} INFO - 
================================================================================
DAG File Processing Stats

File Path                                  PID  Runtime      # DAGs    # Errors  Last Runtime    Last Run
---------------------------------------  -----  ---------  --------  ----------  --------------  -------------------
/opt/airflow/dags/pipeline_etl_clima.py    420  0.00s             1           0  0.11s           2026-02-07T18:47:01
================================================================================
[2026-02-07T18:47:58.170+0000] {manager.py:738} INFO - Searching for files in /opt/airflow/dags
[2026-02-07T18:47:58.181+0000] {manager.py:741} INFO - There are 1 files in /opt/airflow/dags
[2026-02-07T18:48:02.250+0000] {manager.py:879} INFO - 
================================================================================
DAG File Processing Stats

File Path                                  PID  Runtime      # DAGs    # Errors  Last Runtime    Last Run
---------------------------------------  -----  ---------  --------  ----------  --------------  -------------------
/opt/airflow/dags/pipeline_etl_clima.py    432  0.01s             1           0  0.13s           2026-02-07T18:47:32
================================================================================
[2026-02-07T18:48:32.559+0000] {manager.py:879} INFO - 
================================================================================
DAG File Processing Stats

File Path                                  PID  Runtime      # DAGs    # Errors  Last Runtime    Last Run
---------------------------------------  -----  ---------  --------  ----------  --------------  -------------------
/opt/airflow/dags/pipeline_etl_clima.py    444  0.01s             1           0  0.13s           2026-02-07T18:48:02
================================================================================
[2026-02-07T18:49:02.807+0000] {manager.py:879} INFO - 
================================================================================
DAG File Processing Stats

File Path                                  PID  Runtime      # DAGs    # Errors  Last Runtime    Last Run
---------------------------------------  -----  ---------  --------  ----------  --------------  -------------------
/opt/airflow/dags/pipeline_etl_clima.py    456  0.01s             1           0  0.16s           2026-02-07T18:48:32
================================================================================
[2026-02-07T18:49:33.050+0000] {manager.py:879} INFO - 
================================================================================
DAG File Processing Stats

File Path                                  PID  Runtime      # DAGs    # Errors  Last Runtime    Last Run
---------------------------------------  -----  ---------  --------  ----------  --------------  -------------------
/opt/airflow/dags/pipeline_etl_clima.py    468  0.01s             1           0  0.16s           2026-02-07T18:49:02
================================================================================
[2026-02-07T18:50:03.313+0000] {manager.py:879} INFO - 
================================================================================
DAG File Processing Stats

File Path                                  PID  Runtime      # DAGs    # Errors  Last Runtime    Last Run
---------------------------------------  -----  ---------  --------  ----------  --------------  -------------------
/opt/airflow/dags/pipeline_etl_clima.py    480  0.01s             1           0  0.11s           2026-02-07T18:49:33
================================================================================
[2026-02-07T18:50:33.652+0000] {manager.py:879} INFO - 
================================================================================
DAG File Processing Stats

File Path                                  PID  Runtime      # DAGs    # Errors  Last Runtime    Last Run
---------------------------------------  -----  ---------  --------  ----------  --------------  -------------------
/opt/airflow/dags/pipeline_etl_clima.py    491  0.01s             1           0  0.13s           2026-02-07T18:50:03
================================================================================
[2026-02-07T18:51:03.905+0000] {manager.py:879} INFO - 
================================================================================
DAG File Processing Stats

File Path                                  PID  Runtime      # DAGs    # Errors  Last Runtime    Last Run
---------------------------------------  -----  ---------  --------  ----------  --------------  -------------------
/opt/airflow/dags/pipeline_etl_clima.py    503  0.00s             1           0  0.13s           2026-02-07T18:50:33
================================================================================
[2026-02-07T18:51:34.286+0000] {manager.py:879} INFO - 
================================================================================
DAG File Processing Stats

File Path                                  PID  Runtime      # DAGs    # Errors  Last Runtime    Last Run
---------------------------------------  -----  ---------  --------  ----------  --------------  -------------------
/opt/airflow/dags/pipeline_etl_clima.py    508  0.01s             1           0  0.13s           2026-02-07T18:51:04
================================================================================
[2026-02-07T18:52:04.549+0000] {manager.py:879} INFO - 
================================================================================
DAG File Processing Stats

File Path                                  PID  Runtime      # DAGs    # Errors  Last Runtime    Last Run
---------------------------------------  -----  ---------  --------  ----------  --------------  -------------------
/opt/airflow/dags/pipeline_etl_clima.py    520  0.01s             1           0  0.09s           2026-02-07T18:51:34
================================================================================
[2026-02-07T18:52:34.870+0000] {manager.py:879} INFO - 
================================================================================
DAG File Processing Stats

File Path                                  PID  Runtime      # DAGs    # Errors  Last Runtime    Last Run
---------------------------------------  -----  ---------  --------  ----------  --------------  -------------------
/opt/airflow/dags/pipeline_etl_clima.py    538  0.00s             1           0  0.15s           2026-02-07T18:52:04
================================================================================
[2026-02-07T18:52:59.118+0000] {manager.py:738} INFO - Searching for files in /opt/airflow/dags
[2026-02-07T18:52:59.125+0000] {manager.py:741} INFO - There are 1 files in /opt/airflow/dags
[2026-02-07T18:53:05.198+0000] {manager.py:879} INFO - 
================================================================================
DAG File Processing Stats

File Path                                  PID  Runtime      # DAGs    # Errors  Last Runtime    Last Run
---------------------------------------  -----  ---------  --------  ----------  --------------  -------------------
/opt/airflow/dags/pipeline_etl_clima.py    550  0.01s             1           0  0.09s           2026-02-07T18:52:34
================================================================================
[2026-02-07T18:53:35.446+0000] {manager.py:879} INFO - 
================================================================================
DAG File Processing Stats

File Path                                  PID  Runtime      # DAGs    # Errors  Last Runtime    Last Run
---------------------------------------  -----  ---------  --------  ----------  --------------  -------------------
/opt/airflow/dags/pipeline_etl_clima.py    562  0.01s             1           0  0.10s           2026-02-07T18:53:05
================================================================================
[2026-02-07T18:54:05.708+0000] {manager.py:879} INFO - 
================================================================================
DAG File Processing Stats

File Path                                  PID  Runtime      # DAGs    # Errors  Last Runtime    Last Run
---------------------------------------  -----  ---------  --------  ----------  --------------  -------------------
/opt/airflow/dags/pipeline_etl_clima.py    574  0.00s             1           0  0.14s           2026-02-07T18:53:35
================================================================================
[2026-02-07T18:54:36.030+0000] {manager.py:879} INFO - 
================================================================================
DAG File Processing Stats

File Path                                  PID  Runtime      # DAGs    # Errors  Last Runtime    Last Run
---------------------------------------  -----  ---------  --------  ----------  --------------  -------------------
/opt/airflow/dags/pipeline_etl_clima.py    586  0.00s             1           0  0.14s           2026-02-07T18:54:05
================================================================================
[2026-02-07T18:55:06.317+0000] {manager.py:879} INFO - 
================================================================================
DAG File Processing Stats

File Path                                  PID  Runtime      # DAGs    # Errors  Last Runtime    Last Run
---------------------------------------  -----  ---------  --------  ----------  --------------  -------------------
/opt/airflow/dags/pipeline_etl_clima.py    597  0.00s             1           0  0.12s           2026-02-07T18:54:36
================================================================================
[2026-02-07T18:55:36.555+0000] {manager.py:879} INFO - 
================================================================================
DAG File Processing Stats

File Path                                  PID  Runtime      # DAGs    # Errors  Last Runtime    Last Run
---------------------------------------  -----  ---------  --------  ----------  --------------  -------------------
/opt/airflow/dags/pipeline_etl_clima.py    609  0.00s             1           0  0.09s           2026-02-07T18:55:06
================================================================================
[2026-02-07T18:56:06.830+0000] {manager.py:879} INFO - 
================================================================================
DAG File Processing Stats

File Path                                  PID  Runtime      # DAGs    # Errors  Last Runtime    Last Run
---------------------------------------  -----  ---------  --------  ----------  --------------  -------------------
/opt/airflow/dags/pipeline_etl_clima.py    621  0.01s             1           0  0.09s           2026-02-07T18:55:36
================================================================================
[2026-02-07T18:56:37.124+0000] {manager.py:879} INFO - 
================================================================================
DAG File Processing Stats

File Path                                  PID  Runtime      # DAGs    # Errors  Last Runtime    Last Run
---------------------------------------  -----  ---------  --------  ----------  --------------  -------------------
/opt/airflow/dags/pipeline_etl_clima.py    633  0.01s             1           0  0.18s           2026-02-07T18:56:07
================================================================================
[2026-02-07T18:57:07.463+0000] {manager.py:879} INFO - 
================================================================================
DAG File Processing Stats

File Path                                  PID  Runtime      # DAGs    # Errors  Last Runtime    Last Run
---------------------------------------  -----  ---------  --------  ----------  --------------  -------------------
/opt/airflow/dags/pipeline_etl_clima.py    645  0.00s             1           0  0.18s           2026-02-07T18:56:37
================================================================================
[2026-02-07T18:57:37.722+0000] {manager.py:879} INFO - 
================================================================================
DAG File Processing Stats

File Path                                  PID  Runtime      # DAGs    # Errors  Last Runtime    Last Run
---------------------------------------  -----  ---------  --------  ----------  --------------  -------------------
/opt/airflow/dags/pipeline_etl_clima.py    657  0.01s             1           0  0.07s           2026-02-07T18:57:07
================================================================================
[2026-02-07T18:57:59.921+0000] {manager.py:738} INFO - Searching for files in /opt/airflow/dags
[2026-02-07T18:57:59.928+0000] {manager.py:741} INFO - There are 1 files in /opt/airflow/dags
[2026-02-07T18:58:08.022+0000] {manager.py:879} INFO - 
================================================================================
DAG File Processing Stats

File Path                                  PID  Runtime      # DAGs    # Errors  Last Runtime    Last Run
---------------------------------------  -----  ---------  --------  ----------  --------------  -------------------
/opt/airflow/dags/pipeline_etl_clima.py    669  0.00s             1           0  0.12s           2026-02-07T18:57:37
================================================================================
[2026-02-07T18:58:38.241+0000] {manager.py:879} INFO - 
================================================================================
DAG File Processing Stats

File Path                                  PID  Runtime      # DAGs    # Errors  Last Runtime    Last Run
---------------------------------------  -----  ---------  --------  ----------  --------------  -------------------
/opt/airflow/dags/pipeline_etl_clima.py    681  0.00s             1           0  0.08s           2026-02-07T18:58:08
================================================================================
[2026-02-07T18:59:08.556+0000] {manager.py:879} INFO - 
================================================================================
DAG File Processing Stats

File Path                                  PID  Runtime      # DAGs    # Errors  Last Runtime    Last Run
---------------------------------------  -----  ---------  --------  ----------  --------------  -------------------
/opt/airflow/dags/pipeline_etl_clima.py    693  0.01s             1           0  0.10s           2026-02-07T18:58:38
================================================================================
[2026-02-07T18:59:38.818+0000] {manager.py:879} INFO - 
================================================================================
DAG File Processing Stats

File Path                                  PID  Runtime      # DAGs    # Errors  Last Runtime    Last Run
---------------------------------------  -----  ---------  --------  ----------  --------------  -------------------
/opt/airflow/dags/pipeline_etl_clima.py    705  0.01s             1           0  0.16s           2026-02-07T18:59:08
================================================================================
[2026-02-07T19:00:09.113+0000] {manager.py:879} INFO - 
================================================================================
DAG File Processing Stats

File Path                                  PID  Runtime      # DAGs    # Errors  Last Runtime    Last Run
---------------------------------------  -----  ---------  --------  ----------  --------------  -------------------
/opt/airflow/dags/pipeline_etl_clima.py    721  0.01s             1           0  0.08s           2026-02-07T18:59:38
================================================================================
[2026-02-07T19:00:39.345+0000] {manager.py:879} INFO - 
================================================================================
DAG File Processing Stats

File Path                                  PID  Runtime      # DAGs    # Errors  Last Runtime    Last Run
---------------------------------------  -----  ---------  --------  ----------  --------------  -------------------
/opt/airflow/dags/pipeline_etl_clima.py    735  0.00s             1           0  0.11s           2026-02-07T19:00:09
================================================================================
[2026-02-07T19:01:09.655+0000] {manager.py:879} INFO - 
================================================================================
DAG File Processing Stats

File Path                                  PID  Runtime      # DAGs    # Errors  Last Runtime    Last Run
---------------------------------------  -----  ---------  --------  ----------  --------------  -------------------
/opt/airflow/dags/pipeline_etl_clima.py    747  0.00s             1           0  0.10s           2026-02-07T19:00:39
================================================================================
[2026-02-07T19:01:39.912+0000] {manager.py:879} INFO - 
================================================================================
DAG File Processing Stats

File Path                                  PID  Runtime      # DAGs    # Errors  Last Runtime    Last Run
---------------------------------------  -----  ---------  --------  ----------  --------------  -------------------
/opt/airflow/dags/pipeline_etl_clima.py    759  0.01s             1           0  0.09s           2026-02-07T19:01:09
================================================================================
[2026-02-07T19:02:10.145+0000] {manager.py:879} INFO - 
================================================================================
DAG File Processing Stats

File Path                                  PID  Runtime      # DAGs    # Errors  Last Runtime    Last Run
---------------------------------------  -----  ---------  --------  ----------  --------------  -------------------
/opt/airflow/dags/pipeline_etl_clima.py    771  0.01s             1           0  0.15s           2026-02-07T19:01:40
================================================================================
[2026-02-07T19:02:40.470+0000] {manager.py:879} INFO - 
================================================================================
DAG File Processing Stats

File Path                                  PID  Runtime      # DAGs    # Errors  Last Runtime    Last Run
---------------------------------------  -----  ---------  --------  ----------  --------------  -------------------
/opt/airflow/dags/pipeline_etl_clima.py    783  0.00s             1           0  0.18s           2026-02-07T19:02:10
================================================================================
[2026-02-07T19:03:00.663+0000] {manager.py:738} INFO - Searching for files in /opt/airflow/dags
[2026-02-07T19:03:00.673+0000] {manager.py:741} INFO - There are 1 files in /opt/airflow/dags
[2026-02-07T19:03:10.761+0000] {manager.py:879} INFO - 
================================================================================
DAG File Processing Stats

File Path                                  PID  Runtime      # DAGs    # Errors  Last Runtime    Last Run
---------------------------------------  -----  ---------  --------  ----------  --------------  -------------------
/opt/airflow/dags/pipeline_etl_clima.py    795  0.00s             1           0  0.14s           2026-02-07T19:02:40
================================================================================
[2026-02-07T19:03:41.110+0000] {manager.py:879} INFO - 
================================================================================
DAG File Processing Stats

File Path                                  PID  Runtime      # DAGs    # Errors  Last Runtime    Last Run
---------------------------------------  -----  ---------  --------  ----------  --------------  -------------------
/opt/airflow/dags/pipeline_etl_clima.py    800  0.01s             1           0  0.10s           2026-02-07T19:03:10
================================================================================
[2026-02-07T19:04:11.373+0000] {manager.py:879} INFO - 
================================================================================
DAG File Processing Stats

File Path                                  PID  Runtime      # DAGs    # Errors  Last Runtime    Last Run
---------------------------------------  -----  ---------  --------  ----------  --------------  -------------------
/opt/airflow/dags/pipeline_etl_clima.py    812  0.00s             1           0  0.18s           2026-02-07T19:03:41
================================================================================
[2026-02-07T19:04:41.619+0000] {manager.py:879} INFO - 
================================================================================
DAG File Processing Stats

File Path                                  PID  Runtime      # DAGs    # Errors  Last Runtime    Last Run
---------------------------------------  -----  ---------  --------  ----------  --------------  -------------------
/opt/airflow/dags/pipeline_etl_clima.py    824  0.00s             1           0  0.12s           2026-02-07T19:04:11
================================================================================
[2026-02-07T19:05:11.911+0000] {manager.py:879} INFO - 
================================================================================
DAG File Processing Stats

File Path                                  PID  Runtime      # DAGs    # Errors  Last Runtime    Last Run
---------------------------------------  -----  ---------  --------  ----------  --------------  -------------------
/opt/airflow/dags/pipeline_etl_clima.py    837  0.00s             1           0  0.10s           2026-02-07T19:04:41
================================================================================
[2026-02-07T19:05:42.176+0000] {manager.py:879} INFO - 
================================================================================
DAG File Processing Stats

File Path                                  PID  Runtime      # DAGs    # Errors  Last Runtime    Last Run
---------------------------------------  -----  ---------  --------  ----------  --------------  -------------------
/opt/airflow/dags/pipeline_etl_clima.py    849  0.00s             1           0  0.09s           2026-02-07T19:05:11
================================================================================
[2026-02-07T19:06:12.422+0000] {manager.py:879} INFO - 
================================================================================
DAG File Processing Stats

File Path                                  PID  Runtime      # DAGs    # Errors  Last Runtime    Last Run
---------------------------------------  -----  ---------  --------  ----------  --------------  -------------------
/opt/airflow/dags/pipeline_etl_clima.py    861  0.01s             1           0  0.14s           2026-02-07T19:05:42
================================================================================
[2026-02-07T19:06:42.722+0000] {manager.py:879} INFO - 
================================================================================
DAG File Processing Stats

File Path                                  PID  Runtime      # DAGs    # Errors  Last Runtime    Last Run
---------------------------------------  -----  ---------  --------  ----------  --------------  -------------------
/opt/airflow/dags/pipeline_etl_clima.py    873  0.00s             1           0  0.12s           2026-02-07T19:06:12
================================================================================
[2026-02-07T19:07:13.009+0000] {manager.py:879} INFO - 
================================================================================
DAG File Processing Stats

File Path                                  PID  Runtime      # DAGs    # Errors  Last Runtime    Last Run
---------------------------------------  -----  ---------  --------  ----------  --------------  -------------------
/opt/airflow/dags/pipeline_etl_clima.py    885  0.00s             1           0  0.11s           2026-02-07T19:06:42
================================================================================
[2026-02-07T19:07:43.351+0000] {manager.py:879} INFO - 
================================================================================
DAG File Processing Stats

File Path                                  PID  Runtime      # DAGs    # Errors  Last Runtime    Last Run
---------------------------------------  -----  ---------  --------  ----------  --------------  -------------------
/opt/airflow/dags/pipeline_etl_clima.py    897  0.01s             1           0  0.10s           2026-02-07T19:07:13
================================================================================
[2026-02-07T19:08:01.488+0000] {manager.py:738} INFO - Searching for files in /opt/airflow/dags
[2026-02-07T19:08:01.491+0000] {manager.py:741} INFO - There are 1 files in /opt/airflow/dags
[2026-02-07T19:08:13.616+0000] {manager.py:879} INFO - 
================================================================================
DAG File Processing Stats

File Path                                  PID  Runtime      # DAGs    # Errors  Last Runtime    Last Run
---------------------------------------  -----  ---------  --------  ----------  --------------  -------------------
/opt/airflow/dags/pipeline_etl_clima.py    909  0.00s             1           0  0.10s           2026-02-07T19:07:43
================================================================================
[2026-02-07T19:08:43.845+0000] {manager.py:879} INFO - 
================================================================================
DAG File Processing Stats

File Path                                  PID  Runtime      # DAGs    # Errors  Last Runtime    Last Run
---------------------------------------  -----  ---------  --------  ----------  --------------  -------------------
/opt/airflow/dags/pipeline_etl_clima.py    921  0.00s             1           0  0.09s           2026-02-07T19:08:13
================================================================================
[2026-02-07T19:08:50.649+0000] {manager.py:451} INFO - Exiting gracefully upon receiving signal 15
