[2026-02-07T18:52:21.861+0000] {taskinstance.py:1956} INFO - Dependencies all met for dep_context=non-requeueable deps ti=<TaskInstance: pipeline_etl_clima.carregar_dados scheduled__2026-02-07T18:40:00+00:00 [queued]>
[2026-02-07T18:52:21.868+0000] {taskinstance.py:1956} INFO - Dependencies all met for dep_context=requeueable deps ti=<TaskInstance: pipeline_etl_clima.carregar_dados scheduled__2026-02-07T18:40:00+00:00 [queued]>
[2026-02-07T18:52:21.869+0000] {taskinstance.py:2170} INFO - Starting attempt 1 of 3
[2026-02-07T18:52:21.887+0000] {taskinstance.py:2191} INFO - Executing <Task(PythonOperator): carregar_dados> on 2026-02-07 18:40:00+00:00
[2026-02-07T18:52:21.893+0000] {standard_task_runner.py:60} INFO - Started process 537 to run task
[2026-02-07T18:52:21.899+0000] {standard_task_runner.py:87} INFO - Running: ['***', 'tasks', 'run', 'pipeline_etl_clima', 'carregar_dados', 'scheduled__2026-02-07T18:40:00+00:00', '--job-id', '5', '--raw', '--subdir', 'DAGS_FOLDER/pipeline_etl_clima.py', '--cfg-path', '/tmp/tmpjj8hxyec']
[2026-02-07T18:52:21.904+0000] {standard_task_runner.py:88} INFO - Job 5: Subtask carregar_dados
[2026-02-07T18:52:21.979+0000] {task_command.py:423} INFO - Running <TaskInstance: pipeline_etl_clima.carregar_dados scheduled__2026-02-07T18:40:00+00:00 [running]> on host 6061d6eb858f
[2026-02-07T18:52:22.078+0000] {taskinstance.py:2480} INFO - Exporting env vars: AIRFLOW_CTX_DAG_OWNER='Davi' AIRFLOW_CTX_DAG_ID='pipeline_etl_clima' AIRFLOW_CTX_TASK_ID='carregar_dados' AIRFLOW_CTX_EXECUTION_DATE='2026-02-07T18:40:00+00:00' AIRFLOW_CTX_TRY_NUMBER='1' AIRFLOW_CTX_DAG_RUN_ID='scheduled__2026-02-07T18:40:00+00:00'
[2026-02-07T18:52:22.080+0000] {logging_mixin.py:188} INFO - ============================================================
[2026-02-07T18:52:22.081+0000] {logging_mixin.py:188} INFO - INICIANDO CARREGAMENTO DE DADOS
[2026-02-07T18:52:22.081+0000] {logging_mixin.py:188} INFO - ============================================================
[2026-02-07T18:52:22.109+0000] {logging_mixin.py:188} INFO - Inserido: Fortaleza
[2026-02-07T18:52:22.110+0000] {logging_mixin.py:188} INFO - Inserido: Morada Nova
[2026-02-07T18:52:22.111+0000] {logging_mixin.py:188} INFO - Inserido: São Paulo
[2026-02-07T18:52:22.111+0000] {logging_mixin.py:188} INFO - Inserido: Rio de Janeiro
[2026-02-07T18:52:22.112+0000] {logging_mixin.py:188} INFO - Inserido: Belo Horizonte
[2026-02-07T18:52:22.113+0000] {logging_mixin.py:188} INFO - Inserido: Salvador
[2026-02-07T18:52:22.113+0000] {logging_mixin.py:188} INFO - Inserido: Curitiba
[2026-02-07T18:52:22.114+0000] {logging_mixin.py:188} INFO - Inserido: Manaus
[2026-02-07T18:52:22.115+0000] {logging_mixin.py:188} INFO - Inserido: Recife
[2026-02-07T18:52:22.116+0000] {logging_mixin.py:188} INFO - Inserido: Brasília
[2026-02-07T18:52:22.123+0000] {logging_mixin.py:188} INFO - 
 Carregamento concluído
[2026-02-07T18:52:22.124+0000] {logging_mixin.py:188} INFO - Registros inseridos nesta execução: 10
[2026-02-07T18:52:22.125+0000] {logging_mixin.py:188} INFO - Total de registros no banco: 10
[2026-02-07T18:52:22.126+0000] {python.py:201} INFO - Done. Returned value was: None
[2026-02-07T18:52:22.139+0000] {taskinstance.py:1138} INFO - Marking task as SUCCESS. dag_id=pipeline_etl_clima, task_id=carregar_dados, execution_date=20260207T184000, start_date=20260207T185221, end_date=20260207T185222
[2026-02-07T18:52:22.200+0000] {local_task_job_runner.py:234} INFO - Task exited with return code 0
[2026-02-07T18:52:22.229+0000] {taskinstance.py:3280} INFO - 0 downstream tasks scheduled from follow-on schedule check
